Archive member included because of file (symbol)

/home/phickey/src/sdkpulse/lib/libkernel.a(mem.o)
                              /tmp/ccAUnlv4.o (memcpy)
/home/phickey/src/sdkpulse/lib/libkernel.a(uart.o)
                              /tmp/ccD0h6nG.o (dbg_get_uart)
/home/phickey/src/sdkpulse/lib/libkernel.a(oled.o)
                              /tmp/cco4cPbX.o (pulse_oled_set_brightness)
/home/phickey/src/sdkpulse/lib/libkernel.a(timer.o)
                              /home/phickey/src/sdkpulse/lib/libkernel.a(uart.o) (mdelay)
/home/phickey/src/sdkpulse/lib/libkernel.a(watchdog.o)
                              /home/phickey/src/sdkpulse/lib/libkernel.a(uart.o) (cli)
/home/phickey/src/sdkpulse/lib/libkernel.a(printf.o)
                              /tmp/cco4cPbX.o (sprintf)
/home/phickey/src/sdkpulse/lib/libkernel.a(font.o)
                              /home/phickey/src/sdkpulse/lib/libkernel.a(printf.o) (puts)
/home/phickey/src/sdkpulse/lib/libpulse_os.a(display.o)
                              /tmp/cco4cPbX.o (pulse_blank_canvas)
/home/phickey/src/sdkpulse/lib/libpulse_os.a(resource.o)
                              /home/phickey/src/sdkpulse/lib/libpulse_os.a(display.o) (get_resource_metadata)
/home/phickey/src/sdkpulse/lib/libpulse_os.a(timer.o)
                              /tmp/cco4cPbX.o (pulse_get_millis)
/home/phickey/src/sdkpulse/lib/libpulse_os.a(clock.o)
                              /tmp/cco4cPbX.o (pulse_get_time_date)
/home/phickey/src/sdkpulse/lib/libpulse_os.a(main.o)
                              /tmp/cco4cPbX.o (pulse_register_callback)
/home/phickey/src/sdkpulse/lib/libpulse_os.a(alarm.o)
                              /home/phickey/src/sdkpulse/lib/libpulse_os.a(main.o) (pulse_get_alarm)
/home/phickey/src/sdkpulse/lib/libpulse_os.a(battery_log.o)
                              /home/phickey/src/sdkpulse/lib/libpulse_os.a(main.o) (battery_log_get_battery_life)
/home/phickey/src/sdkpulse/lib/libpulse_os.a(notification.o)
                              /home/phickey/src/sdkpulse/lib/libpulse_os.a(main.o) (notification_init)
/home/phickey/src/sdkpulse/lib/libpulse_os.a(preferences.o)
                              /home/phickey/src/sdkpulse/lib/libpulse_os.a(main.o) (pulse_get_preference)
/home/phickey/src/sdkpulse/lib/libpulse_protocol.a(pp_dispatcher.o)
                              /home/phickey/src/sdkpulse/lib/libpulse_os.a(main.o) (pp_dispatcher)
/home/phickey/src/sdkpulse/lib/libpulse_protocol.a(pulse_protocol.o)
                              /home/phickey/src/sdkpulse/lib/libpulse_protocol.a(pp_dispatcher.o) (pp_decode_message)
/home/phickey/src/sdkpulse/lib/libpulse_widgets.a(text.o)
                              /tmp/cc1uCVDr.o (pulse_init_dynamic_text_widget)
/home/phickey/src/sdkpulse/lib/libpulse_widgets.a(widgets.o)
                              /home/phickey/src/sdkpulse/lib/libpulse_widgets.a(text.o) (context_get_width)
/home/phickey/src/sdkpulse/lib/libpulse_widgets.a(image.o)
                              /home/phickey/src/sdkpulse/lib/libpulse_widgets.a(widgets.o) (render_image)
/home/phickey/src/sdkpulse/lib/libpulse_widgets.a(misc.o)
                              /home/phickey/src/sdkpulse/lib/libpulse_widgets.a(widgets.o) (render_padding)
/home/phickey/bin/arm-gcc/bin/../lib/gcc/arm-none-eabi/4.5.1/thumb/libgcc.a(_thumb1_case_uqi.o)
                              /tmp/ccD0h6nG.o (__gnu_thumb1_case_uqi)
/home/phickey/bin/arm-gcc/bin/../lib/gcc/arm-none-eabi/4.5.1/thumb/libgcc.a(_udivsi3.o)
                              /home/phickey/src/sdkpulse/lib/libpulse_widgets.a(misc.o) (__aeabi_uidiv)
/home/phickey/bin/arm-gcc/bin/../lib/gcc/arm-none-eabi/4.5.1/thumb/libgcc.a(_divsi3.o)
                              /tmp/ccoTeXaX.o (__aeabi_idiv)
/home/phickey/bin/arm-gcc/bin/../lib/gcc/arm-none-eabi/4.5.1/thumb/libgcc.a(_dvmd_tls.o)
                              /home/phickey/bin/arm-gcc/bin/../lib/gcc/arm-none-eabi/4.5.1/thumb/libgcc.a(_udivsi3.o) (__aeabi_idiv0)
/home/phickey/src/sdkpulse/lib/libbtstack.a(init_bc4.o)
                              /home/phickey/src/sdkpulse/lib/libkernel.a(uart.o) (bc4_is_up)
/home/phickey/src/sdkpulse/lib/libbtstack.a(ubcsp.o)
                              /home/phickey/src/sdkpulse/lib/libbtstack.a(init_bc4.o) (ubcsp_initialize)
/home/phickey/src/sdkpulse/lib/libbtstack.a(l2cap.o)
                              /home/phickey/src/sdkpulse/lib/libbtstack.a(init_bc4.o) (l2cap_register_event_packet_handler)
/home/phickey/src/sdkpulse/lib/libbtstack.a(hci_transport_bcsp.o)
                              /home/phickey/src/sdkpulse/lib/libbtstack.a(init_bc4.o) (hci_transport_bcsp_instance)
/home/phickey/src/sdkpulse/lib/libbtstack.a(run_loop.o)
                              /home/phickey/src/sdkpulse/lib/libbtstack.a(hci_transport_bcsp.o) (run_loop_add_data_source)
/home/phickey/src/sdkpulse/lib/libbtstack.a(hci.o)
                              /home/phickey/src/sdkpulse/lib/libbtstack.a(l2cap.o) (connection_for_handle)
[...]
Memory Configuration

Name             Origin             Length             Attributes
flash            0x00001000         0x00007000
ram              0x40000000         0x00002000
*default*        0x00000000         0xffffffff

Linker script and memory map

LOAD /home/phickey/bin/arm-gcc/bin/../lib/gcc/arm-none-eabi/4.5.1/thumb/crti.o
LOAD /home/phickey/bin/arm-gcc/bin/../lib/gcc/arm-none-eabi/4.5.1/thumb/crtbegin.o
LOAD /tmp/cco4cPbX.o
LOAD /tmp/cc1uCVDr.o
LOAD /tmp/ccoTeXaX.o
LOAD /tmp/ccN0RzAu.o
LOAD /tmp/ccAUnlv4.o
LOAD /tmp/ccD0h6nG.o
START GROUP
LOAD /home/phickey/src/sdkpulse/lib/libapp_common.a
LOAD /home/phickey/src/sdkpulse/lib/libbtstack.a
LOAD /home/phickey/src/sdkpulse/lib/libdebug.a
LOAD /home/phickey/src/sdkpulse/lib/libkernel.a
LOAD /home/phickey/src/sdkpulse/lib/libpulse_os.a
LOAD /home/phickey/src/sdkpulse/lib/libpulse_protocol.a
LOAD /home/phickey/src/sdkpulse/lib/libpulse_widgets.a
LOAD /home/phickey/src/sdkpulse/lib/obj/irq.o
LOAD /home/phickey/src/sdkpulse/lib/obj/kernel_struct.o
LOAD /home/phickey/bin/arm-gcc/bin/../lib/gcc/arm-none-eabi/4.5.1/thumb/libgcc.a
END GROUP
START GROUP
LOAD /home/phickey/bin/arm-gcc/bin/../lib/gcc/arm-none-eabi/4.5.1/thumb/libgcc.a
LOAD /home/phickey/bin/arm-gcc/bin/../lib/gcc/arm-none-eabi/4.5.1/../../../../arm-none-eabi/lib/thumb/libc.a
END GROUP
LOAD /home/phickey/bin/arm-gcc/bin/../lib/gcc/arm-none-eabi/4.5.1/thumb/crtend.o
LOAD /home/phickey/bin/arm-gcc/bin/../lib/gcc/arm-none-eabi/4.5.1/thumb/crtn.o
                0x40001fdc                _stack_end = 0x40001fdc
                0x00000000                . = 0x0
                0x00000000                . = ALIGN (0x4)

kernel_struct   0x00001000       0x34
 *(.kernel_struct)
 .kernel_struct
                0x00001000       0x34 /home/phickey/src/sdkpulse/lib/obj/kernel_struct.o
                0x00001000                kernel_struct

.text           0x00001034     0x66b9
 *(.text.main)
 .text.main     0x00001034       0xb8 /home/phickey/src/sdkpulse/lib/libpulse_os.a(main.o)
                0x00001034                main
 *(.text .text.* .gnu.linkonce.t.*)
 .text.wakeup   0x000010ec       0x28 /tmp/cco4cPbX.o
 .text.main_app_loop
                0x00001114      0x100 /tmp/cco4cPbX.o
                0x00001114                main_app_loop
 .text.main_app_init
                0x00001214       0xc0 /tmp/cco4cPbX.o
                0x00001214                main_app_init
 .text.main_app_handle_button_down
                0x000012d4       0x30 /tmp/cco4cPbX.o
                0x000012d4                main_app_handle_button_down
 .text.main_app_handle_button_up
                0x00001304        0x2 /tmp/cco4cPbX.o
                0x00001304                main_app_handle_button_up
 *fill*         0x00001306        0x2 00
 .text.main_app_handle_hardware_update
                0x00001308       0x28 /tmp/cco4cPbX.o
                0x00001308                main_app_handle_hardware_update
 .text.main_app_handle_doz
                0x00001330       0x1e /tmp/cco4cPbX.o
                0x00001330                main_app_handle_doz
 .text.abs      0x0000134e        0x8 /tmp/cc1uCVDr.o
 .text.draw_pixel
                0x00001356       0x2a /tmp/cc1uCVDr.o
                0x00001356                draw_pixel
 .text.draw_line
                0x00001380       0x96 /tmp/cc1uCVDr.o
                0x00001380                draw_line
 *fill*         0x00001416        0x2 00
 .text.draw_monostring
                0x00001418       0x74 /tmp/cc1uCVDr.o
                0x00001418                draw_monostring
 .text.camera_setup_rmat
                0x0000148c       0x28 /tmp/ccoTeXaX.o
                0x0000148c                camera_setup_rmat
 .text.camera_project
                0x000014b4       0xb2 /tmp/ccoTeXaX.o
                0x000014b4                camera_project
 *fill*         0x00001566        0x2 00
 .text.wireframe_draw
                0x00001568       0xcc /tmp/ccAUnlv4.o
                0x00001568                wireframe_draw
 .text.umpl_input_handler
                0x00001634       0xc8 /tmp/ccD0h6nG.o
                0x00001634                umpl_input_handler
 .text.memset   0x000016fc       0x14 /home/phickey/src/sdkpulse/lib/libkernel.a(mem.o)
                0x000016fc                memset
 .text.memcpy   0x00001710       0x1a /home/phickey/src/sdkpulse/lib/libkernel.a(mem.o)
                0x00001710                memcpy
 .text.memcmp   0x0000172a       0x22 /home/phickey/src/sdkpulse/lib/libkernel.a(mem.o)
                0x0000172a                memcmp
 .text.dbg_get_uart
                0x0000174c       0x24 /home/phickey/src/sdkpulse/lib/libkernel.a(uart.o)
                0x0000174c                dbg_get_uart
 .text.dbg_putc
                0x00001770       0x24 /home/phickey/src/sdkpulse/lib/libkernel.a(uart.o)
                0x00001770                dbg_putc
 .text.dbg_puts
                0x00001794       0x1c /home/phickey/src/sdkpulse/lib/libkernel.a(uart.o)
                0x00001794                dbg_puts
 .text.bt_pop_fifo
                0x000017b0       0x3c /home/phickey/src/sdkpulse/lib/libkernel.a(uart.o)
 .text.uart_hw_init
                0x000017ec       0x8c /home/phickey/src/sdkpulse/lib/libkernel.a(uart.o)
                0x000017ec                uart_hw_init
 .text.uart_init
                0x00001878       0x7c /home/phickey/src/sdkpulse/lib/libkernel.a(uart.o)
                0x00001878                uart_init
 .text.bt_uart_irq_enable
                0x000018f4       0x1c /home/phickey/src/sdkpulse/lib/libkernel.a(uart.o)
                0x000018f4                bt_uart_irq_enable
 .text.bt_uart_irq
                0x00001910       0xd4 /home/phickey/src/sdkpulse/lib/libkernel.a(uart.o)
                0x00001910                bt_uart_irq
 .text.bt_send_break
                0x000019e4       0x24 /home/phickey/src/sdkpulse/lib/libkernel.a(uart.o)
                0x000019e4                bt_send_break
 .text.put_uart
                0x00001a08       0x7c /home/phickey/src/sdkpulse/lib/libkernel.a(uart.o)
                0x00001a08                put_uart
 .text.get_uart
                0x00001a84       0x6c /home/phickey/src/sdkpulse/lib/libkernel.a(uart.o)
                0x00001a84                get_uart
 .text.oled_init
                0x00001af0       0x12 /home/phickey/src/sdkpulse/lib/libkernel.a(oled.o)
                0x00001af0                oled_init
 .text.oled_ctl
                0x00001b02       0x12 /home/phickey/src/sdkpulse/lib/libkernel.a(oled.o)
                0x00001b02                oled_ctl
 .text.oled_set_xy
                0x00001b14       0x12 /home/phickey/src/sdkpulse/lib/libkernel.a(oled.o)
                0x00001b14                oled_set_xy
 .text.oled_prep_display
                0x00001b26       0x12 /home/phickey/src/sdkpulse/lib/libkernel.a(oled.o)
                0x00001b26                oled_prep_display
 .text.oled_cls
                0x00001b38       0x12 /home/phickey/src/sdkpulse/lib/libkernel.a(oled.o)
                0x00001b38                oled_cls
 .text.oled_write
                0x00001b4a       0x12 /home/phickey/src/sdkpulse/lib/libkernel.a(oled.o)
                0x00001b4a                oled_write
 .text.pulse_oled_set_brightness
                0x00001b5c       0x26 /home/phickey/src/sdkpulse/lib/libkernel.a(oled.o)
                0x00001b5c                pulse_oled_set_brightness
 .text.vic_init
                0x00001b82       0x12 /home/phickey/src/sdkpulse/lib/libkernel.a(timer.o)
                0x00001b82                vic_init
 .text.timer_init
                0x00001b94       0x12 /home/phickey/src/sdkpulse/lib/libkernel.a(timer.o)
                0x00001b94                timer_init
 *fill*         0x00001ba6        0x2 00
 .text.timer_get_ms
                0x00001ba8       0x20 /home/phickey/src/sdkpulse/lib/libkernel.a(timer.o)
                0x00001ba8                timer_get_ms
 .text.mdelay   0x00001bc8       0x20 /home/phickey/src/sdkpulse/lib/libkernel.a(timer.o)
                0x00001bc8                mdelay
 .text.cli      0x00001be8       0x12 /home/phickey/src/sdkpulse/lib/libkernel.a(watchdog.o)
                0x00001be8                cli
 .text.sti      0x00001bfa       0x12 /home/phickey/src/sdkpulse/lib/libkernel.a(watchdog.o)
                0x00001bfa                sti
 .text.powerctl_init
                0x00001c0c       0x12 /home/phickey/src/sdkpulse/lib/libkernel.a(watchdog.o)
                0x00001c0c                powerctl_init
 .text.wd_feed  0x00001c1e       0x12 /home/phickey/src/sdkpulse/lib/libkernel.a(watchdog.o)
                0x00001c1e                wd_feed
 .text.wd_force_reset
                0x00001c30        0xc /home/phickey/src/sdkpulse/lib/libkernel.a(watchdog.o)
                0x00001c30                wd_force_reset
 .text.reset    0x00001c3c       0x24 /home/phickey/src/sdkpulse/lib/libkernel.a(watchdog.o)
                0x00001c3c                reset
 .text.isdigit  0x00001c60        0xe /home/phickey/src/sdkpulse/lib/libkernel.a(printf.o)
 .text.skip_atou
                0x00001c6e       0x2c /home/phickey/src/sdkpulse/lib/libkernel.a(printf.o)
                0x00001c6e                skip_atou
 *fill*         0x00001c9a        0x2 00
 .text.number   0x00001c9c      0x1c8 /home/phickey/src/sdkpulse/lib/libkernel.a(printf.o)
 .text.vsprintf
                0x00001e64      0x23e /home/phickey/src/sdkpulse/lib/libkernel.a(printf.o)
                0x00001e64                vsprintf
 .text.sprintf  0x000020a2       0x18 /home/phickey/src/sdkpulse/lib/libkernel.a(printf.o)
                0x000020a2                sprintf
 .text.dbg_printf
                0x000020ba       0x28 /home/phickey/src/sdkpulse/lib/libkernel.a(printf.o)
                0x000020ba                dbg_printf
 .text.printf   0x000020e2       0x28 /home/phickey/src/sdkpulse/lib/libkernel.a(printf.o)
                0x000020e2                printf
 *fill*         0x0000210a        0x2 00
 .text.font_setpos
                0x0000210c       0x14 /home/phickey/src/sdkpulse/lib/libkernel.a(font.o)
                0x0000210c                font_setpos
 .text.cursor_home
                0x00002120       0x10 /home/phickey/src/sdkpulse/lib/libkernel.a(font.o)
 .text.font_init
                0x00002130       0x1c /home/phickey/src/sdkpulse/lib/libkernel.a(font.o)
                0x00002130                font_init
 .text.cursor_next_line
                0x0000214c       0x24 /home/phickey/src/sdkpulse/lib/libkernel.a(font.o)
 .text.cls      0x00002170       0x10 /home/phickey/src/sdkpulse/lib/libkernel.a(font.o)
                0x00002170                cls
 .text._drawchar
                0x00002180       0xb8 /home/phickey/src/sdkpulse/lib/libkernel.a(font.o)
                0x00002180                _drawchar
 .text.putc     0x00002238       0x4c /home/phickey/src/sdkpulse/lib/libkernel.a(font.o)
                0x00002238                putc
 .text.puts     0x00002284       0x1c /home/phickey/src/sdkpulse/lib/libkernel.a(font.o)
                0x00002284                puts
 .text.pulse_blank_canvas
                0x000022a0        0xc /home/phickey/src/sdkpulse/lib/libpulse_os.a(display.o)
                0x000022a0                pulse_blank_canvas
 .text.pulse_draw_point24
                0x000022ac       0x2e /home/phickey/src/sdkpulse/lib/libpulse_os.a(display.o)
                0x000022ac                pulse_draw_point24
 .text.pulse_set_draw_window
                0x000022da        0xc /home/phickey/src/sdkpulse/lib/libpulse_os.a(display.o)
                0x000022da                pulse_set_draw_window
 .text.get_resource_metadata
                0x000022e6       0x2a /home/phickey/src/sdkpulse/lib/libpulse_os.a(resource.o)
                0x000022e6                get_resource_metadata
 .text.find_free_timer
                0x00002310       0x20 /home/phickey/src/sdkpulse/lib/libpulse_os.a(timer.o)
                0x00002310                find_free_timer
 .text.pulse_cancel_timer
                0x00002330       0x20 /home/phickey/src/sdkpulse/lib/libpulse_os.a(timer.o)
                0x00002330                pulse_cancel_timer
 .text.pulse_timer_init
                0x00002350       0x18 /home/phickey/src/sdkpulse/lib/libpulse_os.a(timer.o)
                0x00002350                pulse_timer_init
 .text.pulse_timer_loop
                0x00002368       0x38 /home/phickey/src/sdkpulse/lib/libpulse_os.a(timer.o)
                0x00002368                pulse_timer_loop
 .text.pulse_register_timer
                0x000023a0       0x40 /home/phickey/src/sdkpulse/lib/libpulse_os.a(timer.o)
                0x000023a0                pulse_register_timer
 .text.pulse_get_millis
                0x000023e0        0xc /home/phickey/src/sdkpulse/lib/libpulse_os.a(timer.o)
                0x000023e0                pulse_get_millis
 .text.pulse_get_time_date
                0x000023ec        0xc /home/phickey/src/sdkpulse/lib/libpulse_os.a(clock.o)
                0x000023ec                pulse_get_time_date
 .text._spi_select
                0x000023f8       0x1c /home/phickey/src/sdkpulse/lib/libpulse_os.a(main.o)
 .text.pulse_register_callback
                0x00002414       0x14 /home/phickey/src/sdkpulse/lib/libpulse_os.a(main.o)
                0x00002414                pulse_register_callback
 .text.os_fire_callback
                0x00002428       0x24 /home/phickey/src/sdkpulse/lib/libpulse_os.a(main.o)
                0x00002428                os_fire_callback
 .text.os_running_allerta_main_app
                0x0000244c        0xc /home/phickey/src/sdkpulse/lib/libpulse_os.a(main.o)
                0x0000244c                os_running_allerta_main_app
 .text.is_spiflash_sector_safe
                0x00002458       0x24 /home/phickey/src/sdkpulse/lib/libpulse_os.a(main.o)
                0x00002458                is_spiflash_sector_safe
 .text.pp_query_version_response
                0x0000247c       0x34 /home/phickey/src/sdkpulse/lib/libpulse_os.a(main.o)
                0x0000247c                pp_query_version_response
 .text.os_preferences_updated
                0x000024b0       0x10 /home/phickey/src/sdkpulse/lib/libpulse_os.a(main.o)
                0x000024b0                os_preferences_updated
 .text.os_handle_non_pp_bt_data
                0x000024c0       0x10 /home/phickey/src/sdkpulse/lib/libpulse_os.a(main.o)
                0x000024c0                os_handle_non_pp_bt_data
 .text.pulse_mdelay
                0x000024d0        0xc /home/phickey/src/sdkpulse/lib/libpulse_os.a(main.o)
                0x000024d0                pulse_mdelay
 .text.set_oled_brightness
                0x000024dc       0x2c /home/phickey/src/sdkpulse/lib/libpulse_os.a(main.o)
                0x000024dc                set_oled_brightness
 .text.pulse_os_init
                0x00002508       0x24 /home/phickey/src/sdkpulse/lib/libpulse_os.a(main.o)
                0x00002508                pulse_os_init
 .text.spiflash_erase_from_sector_to_sector
                0x0000252c       0x36 /home/phickey/src/sdkpulse/lib/libpulse_os.a(main.o)
                0x0000252c                spiflash_erase_from_sector_to_sector
 *fill*         0x00002562        0x2 00
 .text.pp_erase_element
                0x00002564       0x4c /home/phickey/src/sdkpulse/lib/libpulse_os.a(main.o)
                0x00002564                pp_erase_element
 .text.pulse_cancel_vibe
                0x000025b0       0x20 /home/phickey/src/sdkpulse/lib/libpulse_os.a(main.o)
                0x000025b0                pulse_cancel_vibe
 .text.vibe     0x000025d0       0x60 /home/phickey/src/sdkpulse/lib/libpulse_os.a(main.o)
                0x000025d0                vibe
 .text.vibe_continuous
                0x00002630       0x4c /home/phickey/src/sdkpulse/lib/libpulse_os.a(main.o)
                0x00002630                vibe_continuous
 .text.pulse_update_power_down_timer
                0x0000267c       0x28 /home/phickey/src/sdkpulse/lib/libpulse_os.a(main.o)
                0x0000267c                pulse_update_power_down_timer
 .text.os_hardware_event
                0x000026a4       0x2c /home/phickey/src/sdkpulse/lib/libpulse_os.a(main.o)
                0x000026a4                os_hardware_event
 .text.pulse_send_bluetooth_int
                0x000026d0       0x2c /home/phickey/src/sdkpulse/lib/libpulse_os.a(main.o)
                0x000026d0                pulse_send_bluetooth_int
 .text.pp_handler_spiflash
                0x000026fc       0x64 /home/phickey/src/sdkpulse/lib/libpulse_os.a(main.o)
                0x000026fc                pp_handler_spiflash
 .text.pp_handler_command
                0x00002760      0x15c /home/phickey/src/sdkpulse/lib/libpulse_os.a(main.o)
                0x00002760                pp_handler_command
 .text.pp_handler_notification
                0x000028bc       0xbc /home/phickey/src/sdkpulse/lib/libpulse_os.a(main.o)
                0x000028bc                pp_handler_notification
 .text.pp_handler_error
                0x00002978        0xe /home/phickey/src/sdkpulse/lib/libpulse_os.a(main.o)
                0x00002978                pp_handler_error
 *fill*         0x00002986        0x2 00
 .text.bt_handler
                0x00002988       0x18 /home/phickey/src/sdkpulse/lib/libpulse_os.a(main.o)
                0x00002988                bt_handler
 .text.pulse_show_hw_info
                0x000029a0      0x11c /home/phickey/src/sdkpulse/lib/libpulse_os.a(main.o)
                0x000029a0                pulse_show_hw_info
 .text.button_handler
                0x00002abc       0xc8 /home/phickey/src/sdkpulse/lib/libpulse_os.a(main.o)
                0x00002abc                button_handler
 .text.pll      0x00002b84       0x90 /home/phickey/src/sdkpulse/lib/libpulse_os.a(main.o)
                0x00002b84                pll
 .text.lpc_doze
                0x00002c14      0x1e0 /home/phickey/src/sdkpulse/lib/libpulse_os.a(main.o)
                0x00002c14                lpc_doze
 .text.pulse_get_alarm
                0x00002df4        0x8 /home/phickey/src/sdkpulse/lib/libpulse_os.a(alarm.o)
                0x00002df4                pulse_get_alarm
 .text.pulse_get_alarm_enabled
                0x00002dfc       0x10 /home/phickey/src/sdkpulse/lib/libpulse_os.a(alarm.o)
                0x00002dfc                pulse_get_alarm_enabled
 .text.check_alarm
                0x00002e0c       0x8c /home/phickey/src/sdkpulse/lib/libpulse_os.a(alarm.o)
                0x00002e0c                check_alarm
 .text.init_alarm
                0x00002e98       0x24 /home/phickey/src/sdkpulse/lib/libpulse_os.a(alarm.o)
                0x00002e98                init_alarm
 .text.pulse_set_alarm
                0x00002ebc       0x3c /home/phickey/src/sdkpulse/lib/libpulse_os.a(alarm.o)
                0x00002ebc                pulse_set_alarm
 .text.pulse_get_alarm_string
                0x00002ef8       0x48 /home/phickey/src/sdkpulse/lib/libpulse_os.a(alarm.o)
                0x00002ef8                pulse_get_alarm_string
 .text.battery_log_get_battery_life
                0x00002f40       0x1c /home/phickey/src/sdkpulse/lib/libpulse_os.a(battery_log.o)
                0x00002f40                battery_log_get_battery_life
 .text.battery_log_number_of_events
                0x00002f5c        0xc /home/phickey/src/sdkpulse/lib/libpulse_os.a(battery_log.o)
                0x00002f5c                battery_log_number_of_events
 .text.battery_log_is_logging
                0x00002f68       0x24 /home/phickey/src/sdkpulse/lib/libpulse_os.a(battery_log.o)
                0x00002f68                battery_log_is_logging
 .text.battery_log_set_last_event
                0x00002f8c       0x58 /home/phickey/src/sdkpulse/lib/libpulse_os.a(battery_log.o)
                0x00002f8c                battery_log_set_last_event
 .text.battery_log_set_timestamp
                0x00002fe4       0x1a /home/phickey/src/sdkpulse/lib/libpulse_os.a(battery_log.o)
                0x00002fe4                battery_log_set_timestamp
 *fill*         0x00002ffe        0x2 00
 .text.battery_log_preserve_last_runtime
                0x00003000       0x38 /home/phickey/src/sdkpulse/lib/libpulse_os.a(battery_log.o)
                0x00003000                battery_log_preserve_last_runtime
 .text.battery_log_clear
                0x00003038       0x28 /home/phickey/src/sdkpulse/lib/libpulse_os.a(battery_log.o)
                0x00003038                battery_log_clear
 .text.battery_log_retrieve_last_runtime
                0x00003060       0x18 /home/phickey/src/sdkpulse/lib/libpulse_os.a(battery_log.o)
                0x00003060                battery_log_retrieve_last_runtime
 .text.battery_log_update
                0x00003078       0x58 /home/phickey/src/sdkpulse/lib/libpulse_os.a(battery_log.o)
                0x00003078                battery_log_update
 .text.battery_log_get_last_event
                0x000030d0       0x44 /home/phickey/src/sdkpulse/lib/libpulse_os.a(battery_log.o)
                0x000030d0                battery_log_get_last_event
 .text.battery_log_init
                0x00003114       0x28 /home/phickey/src/sdkpulse/lib/libpulse_os.a(battery_log.o)
                0x00003114                battery_log_init
 .text.battery_log_first_boot
                0x0000313c       0x1e /home/phickey/src/sdkpulse/lib/libpulse_os.a(battery_log.o)
                0x0000313c                battery_log_first_boot
 .text.strncpy  0x0000315a       0x28 /home/phickey/src/sdkpulse/lib/libpulse_os.a(notification.o)
 *fill*         0x00003182        0x2 00
 .text.push_queue
                0x00003184       0x50 /home/phickey/src/sdkpulse/lib/libpulse_os.a(notification.o)
                0x00003184                push_queue
 .text.notification_init
                0x000031d4       0x2c /home/phickey/src/sdkpulse/lib/libpulse_os.a(notification.o)
                0x000031d4                notification_init
 .text.store_notification
                0x00003200       0x80 /home/phickey/src/sdkpulse/lib/libpulse_os.a(notification.o)
                0x00003200                store_notification
 .text.pulse_get_preference
                0x00003280       0x6c /home/phickey/src/sdkpulse/lib/libpulse_os.a(preferences.o)
                0x00003280                pulse_get_preference
 .text.pulse_set_preference
                0x000032ec      0x118 /home/phickey/src/sdkpulse/lib/libpulse_os.a(preferences.o)
                0x000032ec                pulse_set_preference
 .text.init_preferences
                0x00003404       0x40 /home/phickey/src/sdkpulse/lib/libpulse_os.a(preferences.o)
                0x00003404                init_preferences
 .text.pp_dispatcher
                0x00003444       0xd4 /home/phickey/src/sdkpulse/lib/libpulse_protocol.a(pp_dispatcher.o)
                0x00003444                pp_dispatcher
 .text.pp_decode_message
                0x00003518        0xc /home/phickey/src/sdkpulse/lib/libpulse_protocol.a(pulse_protocol.o)
                0x00003518                pp_decode_message
 .text.pp_decode_notification_strings
                0x00003524       0x38 /home/phickey/src/sdkpulse/lib/libpulse_protocol.a(pulse_protocol.o)
                0x00003524                pp_decode_notification_strings
 .text.pp_decode_spiflash
                0x0000355c       0x48 /home/phickey/src/sdkpulse/lib/libpulse_protocol.a(pulse_protocol.o)
                0x0000355c                pp_decode_spiflash
 .text.pulse_init_dynamic_text_widget
                0x000035a4       0x2c /home/phickey/src/sdkpulse/lib/libpulse_widgets.a(text.o)
                0x000035a4                pulse_init_dynamic_text_widget
 .text.get_char_at_idx
                0x000035d0        0x4 /home/phickey/src/sdkpulse/lib/libpulse_widgets.a(text.o)
                0x000035d0                get_char_at_idx
 .text.draw_string_line
                0x000035d4      0x240 /home/phickey/src/sdkpulse/lib/libpulse_widgets.a(text.o)
 .text.pulse_render_text
                0x00003814      0x14a /home/phickey/src/sdkpulse/lib/libpulse_widgets.a(text.o)
                0x00003814                pulse_render_text
 .text.context_get_width
                0x0000395e        0xc /home/phickey/src/sdkpulse/lib/libpulse_widgets.a(widgets.o)
                0x0000395e                context_get_width
 .text.context_get_height
                0x0000396a        0xc /home/phickey/src/sdkpulse/lib/libpulse_widgets.a(widgets.o)
                0x0000396a                context_get_height
 *fill*         0x00003976        0x2 00
 .text.inpulse_irq
                0x00003978       0x34 /home/phickey/src/sdkpulse/lib/obj/irq.o
                0x00003978                inpulse_irq
 .text          0x000039ac       0x14 /home/phickey/bin/arm-gcc/bin/../lib/gcc/arm-none-eabi/4.5.1/thumb/libgcc.a(_thumb1_case_uqi.o)
                0x000039ac                __gnu_thumb1_case_uqi
 .text          0x000039c0      0x11c /home/phickey/bin/arm-gcc/bin/../lib/gcc/arm-none-eabi/4.5.1/thumb/libgcc.a(_udivsi3.o)
                0x000039c0                __udivsi3
                0x000039c0                __aeabi_uidiv
                0x00003abc                __aeabi_uidivmod
 .text          0x00003adc      0x150 /home/phickey/bin/arm-gcc/bin/../lib/gcc/arm-none-eabi/4.5.1/thumb/libgcc.a(_divsi3.o)
                0x00003adc                __aeabi_idiv
                0x00003adc                __divsi3
                0x00003c0c                __aeabi_idivmod
 .text          0x00003c2c        0x4 /home/phickey/bin/arm-gcc/bin/../lib/gcc/arm-none-eabi/4.5.1/thumb/libgcc.a(_dvmd_tls.o)
                0x00003c2c                __aeabi_ldiv0
                0x00003c2c                __aeabi_idiv0
 .text.bc4_event_handler
                0x00003c30       0x20 /home/phickey/src/sdkpulse/lib/libbtstack.a(init_bc4.o)
                0x00003c30                bc4_event_handler
 .text.bc4_data_handler
                0x00003c50       0x24 /home/phickey/src/sdkpulse/lib/libbtstack.a(init_bc4.o)
                0x00003c50                bc4_data_handler
 .text.bc4_register_handlers
                0x00003c74       0x14 /home/phickey/src/sdkpulse/lib/libbtstack.a(init_bc4.o)
                0x00003c74                bc4_register_handlers
 .text.init_bc4_btstack
                0x00003c88       0x38 /home/phickey/src/sdkpulse/lib/libbtstack.a(init_bc4.o)
                0x00003c88                init_bc4_btstack
 .text.do_command
                0x00003cc0       0xf0 /home/phickey/src/sdkpulse/lib/libbtstack.a(init_bc4.o)
 .text.bcsp_loop
                0x00003db0       0xf0 /home/phickey/src/sdkpulse/lib/libbtstack.a(init_bc4.o)
 .text.write_bcsp
                0x00003ea0       0x3c /home/phickey/src/sdkpulse/lib/libbtstack.a(init_bc4.o)
 .text.bt_init_bcsp
                0x00003edc       0x8c /home/phickey/src/sdkpulse/lib/libbtstack.a(init_bc4.o)
 .text.init_bc4
                0x00003f68      0x150 /home/phickey/src/sdkpulse/lib/libbtstack.a(init_bc4.o)
                0x00003f68                init_bc4
 .text.ubcsp_initialize
                0x000040b8       0x30 /home/phickey/src/sdkpulse/lib/libbtstack.a(ubcsp.o)
                0x000040b8                ubcsp_initialize
 .text.ubcsp_send_packet
                0x000040e8       0x10 /home/phickey/src/sdkpulse/lib/libbtstack.a(ubcsp.o)
                0x000040e8                ubcsp_send_packet
 .text.ubcsp_receive_packet
                0x000040f8       0x10 /home/phickey/src/sdkpulse/lib/libbtstack.a(ubcsp.o)
                0x000040f8                ubcsp_receive_packet
 .text.ubcsp_calc_crc
                0x00004108       0x30 /home/phickey/src/sdkpulse/lib/libbtstack.a(ubcsp.o)
 .text.ubcsp_crc_reverse
                0x00004138       0x1e /home/phickey/src/sdkpulse/lib/libbtstack.a(ubcsp.o)
 *fill*         0x00004156        0x2 00
 .text.ubcsp_setup_packet
                0x00004158       0x34 /home/phickey/src/sdkpulse/lib/libbtstack.a(ubcsp.o)
 .text.ubcsp_poll
                0x0000418c      0x504 /home/phickey/src/sdkpulse/lib/libbtstack.a(ubcsp.o)
                0x0000418c                ubcsp_poll
 .text.null_event_handler
                0x00004690        0x2 /home/phickey/src/sdkpulse/lib/libbtstack.a(l2cap.o)
 .text.null_data_handler
                0x00004692        0x2 /home/phickey/src/sdkpulse/lib/libbtstack.a(l2cap.o)
 .text.l2cap_register_event_packet_handler
                0x00004694        0xc /home/phickey/src/sdkpulse/lib/libbtstack.a(l2cap.o)
                0x00004694                l2cap_register_event_packet_handler
 .text.l2cap_register_data_packet_handler
                0x000046a0        0xc /home/phickey/src/sdkpulse/lib/libbtstack.a(l2cap.o)
                0x000046a0                l2cap_register_data_packet_handler
 .text.l2cap_get_channel_for_local_cid
                0x000046ac       0x20 /home/phickey/src/sdkpulse/lib/libbtstack.a(l2cap.o)
                0x000046ac                l2cap_get_channel_for_local_cid
 .text.l2cap_get_service
                0x000046cc       0x20 /home/phickey/src/sdkpulse/lib/libbtstack.a(l2cap.o)
                0x000046cc                l2cap_get_service
 .text.l2cap_set_capture_connection
                0x000046ec        0xc /home/phickey/src/sdkpulse/lib/libbtstack.a(l2cap.o)
                0x000046ec                l2cap_set_capture_connection
 .text.l2cap_send_internal
                0x000046f8       0x64 /home/phickey/src/sdkpulse/lib/libbtstack.a(l2cap.o)
                0x000046f8                l2cap_send_internal
 .text.l2cap_register_service_internal
                0x0000475c       0x30 /home/phickey/src/sdkpulse/lib/libbtstack.a(l2cap.o)
                0x0000475c                l2cap_register_service_internal
 .text.l2cap_emit_connection_request
                0x0000478c       0x70 /home/phickey/src/sdkpulse/lib/libbtstack.a(l2cap.o)
                0x0000478c                l2cap_emit_connection_request
 .text.l2cap_emit_channel_closed
                0x000047fc       0x44 /home/phickey/src/sdkpulse/lib/libbtstack.a(l2cap.o)
                0x000047fc                l2cap_emit_channel_closed
 .text.l2cap_emit_channel_opened
                0x00004840       0x70 /home/phickey/src/sdkpulse/lib/libbtstack.a(l2cap.o)
                0x00004840                l2cap_emit_channel_opened
 .text.l2cap_unregister_service_internal
                0x000048b0       0x20 /home/phickey/src/sdkpulse/lib/libbtstack.a(l2cap.o)
                0x000048b0                l2cap_unregister_service_internal
 .text.l2cap_finialize_channel_close
                0x000048d0       0x24 /home/phickey/src/sdkpulse/lib/libbtstack.a(l2cap.o)
                0x000048d0                l2cap_finialize_channel_close
 .text.l2cap_create_channel_internal
                0x000048f4       0x54 /home/phickey/src/sdkpulse/lib/libbtstack.a(l2cap.o)
                0x000048f4                l2cap_create_channel_internal
 .text.l2cap_handle_connection_failed_for_addr
                0x00004948       0x48 /home/phickey/src/sdkpulse/lib/libbtstack.a(l2cap.o)
 .text.l2cap_send_signaling_packet
                0x00004990       0x34 /home/phickey/src/sdkpulse/lib/libbtstack.a(l2cap.o)
                0x00004990                l2cap_send_signaling_packet
 .text.l2cap_close_connection
                0x000049c4       0x5c /home/phickey/src/sdkpulse/lib/libbtstack.a(l2cap.o)
                0x000049c4                l2cap_close_connection
 .text.l2cap_handle_disconnect_request
                0x00004a20       0x26 /home/phickey/src/sdkpulse/lib/libbtstack.a(l2cap.o)
 *fill*         0x00004a46        0x2 00
 .text.l2cap_signaling_handler
                0x00004a48       0xf8 /home/phickey/src/sdkpulse/lib/libbtstack.a(l2cap.o)
                0x00004a48                l2cap_signaling_handler
 .text.l2cap_acl_handler
                0x00004b40      0x1e8 /home/phickey/src/sdkpulse/lib/libbtstack.a(l2cap.o)
                0x00004b40                l2cap_acl_handler
 .text.l2cap_decline_connection_internal
                0x00004d28       0x3c /home/phickey/src/sdkpulse/lib/libbtstack.a(l2cap.o)
                0x00004d28                l2cap_decline_connection_internal
 .text.l2cap_accept_connection_internal
                0x00004d64       0x50 /home/phickey/src/sdkpulse/lib/libbtstack.a(l2cap.o)
                0x00004d64                l2cap_accept_connection_internal
 .text.l2cap_event_handler
                0x00004db4      0x130 /home/phickey/src/sdkpulse/lib/libbtstack.a(l2cap.o)
                0x00004db4                l2cap_event_handler
 .text.l2cap_disconnect_internal
                0x00004ee4       0x30 /home/phickey/src/sdkpulse/lib/libbtstack.a(l2cap.o)
                0x00004ee4                l2cap_disconnect_internal
 .text.l2cap_init
                0x00004f14       0x38 /home/phickey/src/sdkpulse/lib/libbtstack.a(l2cap.o)
                0x00004f14                l2cap_init
 .text.bcsp_get_transport_name
                0x00004f4c        0x8 /home/phickey/src/sdkpulse/lib/libbtstack.a(hci_transport_bcsp.o)
 .text.bcsp_queue_cmd
                0x00004f54       0x60 /home/phickey/src/sdkpulse/lib/libbtstack.a(hci_transport_bcsp.o)
 .text.bcsp_send_cmd_packet
                0x00004fb4       0x14 /home/phickey/src/sdkpulse/lib/libbtstack.a(hci_transport_bcsp.o)
 .text.bcsp_send_acl_packet
                0x00004fc8       0x14 /home/phickey/src/sdkpulse/lib/libbtstack.a(hci_transport_bcsp.o)
 .text.bcsp_register_event_packet_handler
                0x00004fdc       0x14 /home/phickey/src/sdkpulse/lib/libbtstack.a(hci_transport_bcsp.o)
 .text.bcsp_register_acl_packet_handler
                0x00004ff0       0x14 /home/phickey/src/sdkpulse/lib/libbtstack.a(hci_transport_bcsp.o)
 .text.hci_transport_bcsp_instance
                0x00005004       0x4c /home/phickey/src/sdkpulse/lib/libbtstack.a(hci_transport_bcsp.o)
                0x00005004                hci_transport_bcsp_instance
 .text.bcsp_close
                0x00005050       0x20 /home/phickey/src/sdkpulse/lib/libbtstack.a(hci_transport_bcsp.o)
 .text.bcsp_open
                0x00005070       0x64 /home/phickey/src/sdkpulse/lib/libbtstack.a(hci_transport_bcsp.o)
 .text.bcsp_process
                0x000050d4      0x2e0 /home/phickey/src/sdkpulse/lib/libbtstack.a(hci_transport_bcsp.o)
 .text.run_loop_add_data_source
                0x000053b4       0x1c /home/phickey/src/sdkpulse/lib/libbtstack.a(run_loop.o)
                0x000053b4                run_loop_add_data_source
 .text.run_loop_remove_data_source
                0x000053d0       0x1c /home/phickey/src/sdkpulse/lib/libbtstack.a(run_loop.o)
                0x000053d0                run_loop_remove_data_source
 .text.run_loop_add_timer
                0x000053ec       0x1c /home/phickey/src/sdkpulse/lib/libbtstack.a(run_loop.o)
                0x000053ec                run_loop_add_timer
 .text.run_loop_remove_timer
                0x00005408       0x1c /home/phickey/src/sdkpulse/lib/libbtstack.a(run_loop.o)
                0x00005408                run_loop_remove_timer
 .text.run_loop_execute
                0x00005424       0x1c /home/phickey/src/sdkpulse/lib/libbtstack.a(run_loop.o)
                0x00005424                run_loop_execute
 .text.run_loop_init
                0x00005440       0x28 /home/phickey/src/sdkpulse/lib/libbtstack.a(run_loop.o)
                0x00005440                run_loop_init
 .text.run_loop_set_timer
                0x00005468        0x4 /home/phickey/src/sdkpulse/lib/libbtstack.a(run_loop.o)
                0x00005468                run_loop_set_timer
 .text.run_loop_timeval_compare
                0x0000546c       0x2a /home/phickey/src/sdkpulse/lib/libbtstack.a(run_loop.o)
                0x0000546c                run_loop_timeval_compare
 .text.run_loop_timer_compare
                0x00005496       0x28 /home/phickey/src/sdkpulse/lib/libbtstack.a(run_loop.o)
                0x00005496                run_loop_timer_compare
 *fill*         0x000054be        0x2 00
 .text.connection_for_handle
                0x000054c0       0x24 /home/phickey/src/sdkpulse/lib/libbtstack.a(hci.o)
                0x000054c0                connection_for_handle
 .text.dummy_handler
                0x000054e4        0x2 /home/phickey/src/sdkpulse/lib/libbtstack.a(hci.o)
 .text.null_control_function
                0x000054e6        0x4 /home/phickey/src/sdkpulse/lib/libbtstack.a(hci.o)
 *fill*         0x000054ea        0x2 00
 .text.null_control_name
                0x000054ec        0x8 /home/phickey/src/sdkpulse/lib/libbtstack.a(hci.o)
 .text.hci_register_event_packet_handler
                0x000054f4        0xc /home/phickey/src/sdkpulse/lib/libbtstack.a(hci.o)
                0x000054f4                hci_register_event_packet_handler
 .text.hci_register_acl_packet_handler
                0x00005500        0xc /home/phickey/src/sdkpulse/lib/libbtstack.a(hci.o)
                0x00005500                hci_register_acl_packet_handler
 .text.hci_init
                0x0000550c       0x54 /home/phickey/src/sdkpulse/lib/libbtstack.a(hci.o)
                0x0000550c                hci_init
 .text.hci_emit_btstack_version
                0x00005560        0x2 /home/phickey/src/sdkpulse/lib/libbtstack.a(hci.o)
                0x00005560                hci_emit_btstack_version
 *fill*         0x00005562        0x2 00
 .text.hci_emit_system_bluetooth_enabled
                0x00005564       0x3c /home/phickey/src/sdkpulse/lib/libbtstack.a(hci.o)
                0x00005564                hci_emit_system_bluetooth_enabled
 .text.hci_emit_hci_open_failed
                0x000055a0       0x3c /home/phickey/src/sdkpulse/lib/libbtstack.a(hci.o)
                0x000055a0                hci_emit_hci_open_failed
 .text.hci_emit_nr_connections_changed
                0x000055dc       0x4c /home/phickey/src/sdkpulse/lib/libbtstack.a(hci.o)
                0x000055dc                hci_emit_nr_connections_changed
 .text.hci_emit_state
                0x00005628       0x44 /home/phickey/src/sdkpulse/lib/libbtstack.a(hci.o)
                0x00005628                hci_emit_state
 .text.hci_emit_l2cap_check_timeout
                0x0000566c       0x44 /home/phickey/src/sdkpulse/lib/libbtstack.a(hci.o)
                0x0000566c                hci_emit_l2cap_check_timeout
 .text.hci_emit_connection_complete
                0x000056b0       0x5c /home/phickey/src/sdkpulse/lib/libbtstack.a(hci.o)
                0x000056b0                hci_emit_connection_complete
 .text.connection_for_address
                0x0000570c       0x30 /home/phickey/src/sdkpulse/lib/libbtstack.a(hci.o)
 .text.hci_connection_timestamp
                0x0000573c       0x10 /home/phickey/src/sdkpulse/lib/libbtstack.a(hci.o)
 .text.create_connection_for_addr
                0x0000574c       0x58 /home/phickey/src/sdkpulse/lib/libbtstack.a(hci.o)
 .text.hci_send_cmd_packet
                0x000057a4       0x74 /home/phickey/src/sdkpulse/lib/libbtstack.a(hci.o)
                0x000057a4                hci_send_cmd_packet
 .text.hci_send_cmd
                0x00005818       0x30 /home/phickey/src/sdkpulse/lib/libbtstack.a(hci.o)
                0x00005818                hci_send_cmd
 .text.hci_run  0x00005848       0x84 /home/phickey/src/sdkpulse/lib/libbtstack.a(hci.o)
                0x00005848                hci_run
 .text.hci_power_control
                0x000058cc       0x98 /home/phickey/src/sdkpulse/lib/libbtstack.a(hci.o)
                0x000058cc                hci_power_control
 .text.acl_handler
                0x00005964       0xf0 /home/phickey/src/sdkpulse/lib/libbtstack.a(hci.o)
 .text.hci_send_acl_packet
                0x00005a54       0x40 /home/phickey/src/sdkpulse/lib/libbtstack.a(hci.o)
                0x00005a54                hci_send_acl_packet
 .text.hci_connection_timeout_handler
                0x00005a94       0x3c /home/phickey/src/sdkpulse/lib/libbtstack.a(hci.o)
 .text.event_handler
                0x00005ad0      0x120 /home/phickey/src/sdkpulse/lib/libbtstack.a(hci.o)
 .text.bt_store_16
                0x00005bf0        0xe /home/phickey/src/sdkpulse/lib/libbtstack.a(utils.o)
                0x00005bf0                bt_store_16
 .text.bt_flip_addr
                0x00005bfe       0x1a /home/phickey/src/sdkpulse/lib/libbtstack.a(utils.o)
                0x00005bfe                bt_flip_addr
 .text.get_time_ms
                0x00005c18        0xc /home/phickey/src/sdkpulse/lib/libbtstack.a(utils.o)
                0x00005c18                get_time_ms
 .text.embedded_dump_timer
                0x00005c24       0x14 /home/phickey/src/sdkpulse/lib/libbtstack.a(run_loop_embedded.o)
                0x00005c24                embedded_dump_timer
 .text.embedded_execute
                0x00005c38       0x24 /home/phickey/src/sdkpulse/lib/libbtstack.a(run_loop_embedded.o)
                0x00005c38                embedded_execute
 .text.embedded_init
                0x00005c5c       0x14 /home/phickey/src/sdkpulse/lib/libbtstack.a(run_loop_embedded.o)
                0x00005c5c                embedded_init
 .text.embedded_remove_timer
                0x00005c70       0x14 /home/phickey/src/sdkpulse/lib/libbtstack.a(run_loop_embedded.o)
                0x00005c70                embedded_remove_timer
 .text.embedded_remove_data_source
                0x00005c84       0x14 /home/phickey/src/sdkpulse/lib/libbtstack.a(run_loop_embedded.o)
                0x00005c84                embedded_remove_data_source
 .text.embedded_add_timer
                0x00005c98       0x2c /home/phickey/src/sdkpulse/lib/libbtstack.a(run_loop_embedded.o)
                0x00005c98                embedded_add_timer
 .text.embedded_add_data_source
                0x00005cc4       0x14 /home/phickey/src/sdkpulse/lib/libbtstack.a(run_loop_embedded.o)
                0x00005cc4                embedded_add_data_source
 .text.hci_create_cmd_internal
                0x00005cd8       0xf4 /home/phickey/src/sdkpulse/lib/libbtstack.a(hci_cmds.o)
                0x00005cd8                hci_create_cmd_internal
 .text.hci_dump_packet
                0x00005dcc        0x2 /home/phickey/src/sdkpulse/lib/libbtstack.a(hci_dump.o)
                0x00005dcc                hci_dump_packet
 .text.linked_list_add
                0x00005dce       0x1a /home/phickey/src/sdkpulse/lib/libbtstack.a(linked_list.o)
                0x00005dce                linked_list_add
 .text.linked_list_remove
                0x00005de8       0x20 /home/phickey/src/sdkpulse/lib/libbtstack.a(linked_list.o)
                0x00005de8                linked_list_remove
 .text.linked_item_set_user
                0x00005e08        0x8 /home/phickey/src/sdkpulse/lib/libbtstack.a(linked_list.o)
                0x00005e08                linked_item_set_user
 .text.linked_item_get_user
                0x00005e10        0x4 /home/phickey/src/sdkpulse/lib/libbtstack.a(linked_list.o)
                0x00005e10                linked_item_get_user
 .text.l2cap_next_sig_id
                0x00005e14       0x20 /home/phickey/src/sdkpulse/lib/libbtstack.a(l2cap_signaling.o)
                0x00005e14                l2cap_next_sig_id
 .text.l2cap_next_local_cid
                0x00005e34       0x10 /home/phickey/src/sdkpulse/lib/libbtstack.a(l2cap_signaling.o)
                0x00005e34                l2cap_next_local_cid
 .text.l2cap_create_signaling_internal
                0x00005e44       0xcc /home/phickey/src/sdkpulse/lib/libbtstack.a(l2cap_signaling.o)
                0x00005e44                l2cap_create_signaling_internal
 .text.dummy_handler
                0x00005f10        0x2 /home/phickey/src/sdkpulse/lib/libbtstack.a(btstack.o)
 *fill*         0x00005f12        0x2 00
 .text.btstack_packet_handler
                0x00005f14       0x28 /home/phickey/src/sdkpulse/lib/libbtstack.a(btstack.o)
 .text.bt_register_wtf_handler
                0x00005f3c        0xc /home/phickey/src/sdkpulse/lib/libbtstack.a(btstack.o)
                0x00005f3c                bt_register_wtf_handler
 .text.btstack_wtf
                0x00005f48       0x1c /home/phickey/src/sdkpulse/lib/libbtstack.a(btstack.o)
                0x00005f48                btstack_wtf
 .text.bt_send_cmd
                0x00005f64       0x38 /home/phickey/src/sdkpulse/lib/libbtstack.a(btstack.o)
                0x00005f64                bt_send_cmd
 .text.bt_open  0x00005f9c       0x48 /home/phickey/src/sdkpulse/lib/libbtstack.a(btstack.o)
                0x00005f9c                bt_open
 .text.socket_connection_register_packet_callback
                0x00005fe4        0xc /home/phickey/src/sdkpulse/lib/libbtstack.a(socket_connection_embedded.o)
                0x00005fe4                socket_connection_register_packet_callback
 .text.socket_connection_open_tcp
                0x00005ff0        0x4 /home/phickey/src/sdkpulse/lib/libbtstack.a(socket_connection_embedded.o)
                0x00005ff0                socket_connection_open_tcp
 .text.socket_connection_open_unix
                0x00005ff4        0x4 /home/phickey/src/sdkpulse/lib/libbtstack.a(socket_connection_embedded.o)
                0x00005ff4                socket_connection_open_unix
 .text.socket_connection_send_packet
                0x00005ff8      0x154 /home/phickey/src/sdkpulse/lib/libbtstack.a(socket_connection_embedded.o)
                0x00005ff8                socket_connection_send_packet
 .text.pulse_battery_get_charge_state
                0x0000614c       0x24 /home/phickey/src/sdkpulse/lib/libkernel.a(battery.o)
                0x0000614c                pulse_battery_get_charge_state
 .text.adc_init
                0x00006170       0x8c /home/phickey/src/sdkpulse/lib/libkernel.a(battery.o)
                0x00006170                adc_init
 .text.adc_loop
                0x000061fc       0xbc /home/phickey/src/sdkpulse/lib/libkernel.a(battery.o)
                0x000061fc                adc_loop
 .text.adc_loop_auto
                0x000062b8       0x18 /home/phickey/src/sdkpulse/lib/libkernel.a(battery.o)
                0x000062b8                adc_loop_auto
 .text.adc_battery_update
                0x000062d0       0x3c /home/phickey/src/sdkpulse/lib/libkernel.a(battery.o)
                0x000062d0                adc_battery_update
 .text.register_bt_data_handler
                0x0000630c       0x10 /home/phickey/src/sdkpulse/lib/libkernel.a(bt.o)
                0x0000630c                register_bt_data_handler
 .text.bt_get_pin
                0x0000631c        0xc /home/phickey/src/sdkpulse/lib/libkernel.a(bt.o)
                0x0000631c                bt_get_pin
 .text.bt_get_addr
                0x00006328        0x4 /home/phickey/src/sdkpulse/lib/libkernel.a(bt.o)
                0x00006328                bt_get_addr
 .text.pulse_set_bluetooth_sniff
                0x0000632c       0x38 /home/phickey/src/sdkpulse/lib/libkernel.a(bt.o)
                0x0000632c                pulse_set_bluetooth_sniff
 .text.bt_set_pin
                0x00006364       0x20 /home/phickey/src/sdkpulse/lib/libkernel.a(bt.o)
                0x00006364                bt_set_pin
 .text.bt_init  0x00006384       0xa8 /home/phickey/src/sdkpulse/lib/libkernel.a(bt.o)
                0x00006384                bt_init
 .text.bt_run_loop
                0x0000642c        0xc /home/phickey/src/sdkpulse/lib/libkernel.a(bt.o)
                0x0000642c                bt_run_loop
 .text.bt_reset
                0x00006438       0x48 /home/phickey/src/sdkpulse/lib/libkernel.a(bt.o)
                0x00006438                bt_reset
 .text.bt_event_handler
                0x00006480      0x1cc /home/phickey/src/sdkpulse/lib/libkernel.a(bt.o)
                0x00006480                bt_event_handler
 .text.bt_data_handler
                0x0000664c       0x38 /home/phickey/src/sdkpulse/lib/libkernel.a(bt.o)
                0x0000664c                bt_data_handler
 .text._get_link_key
                0x00006684       0x14 /home/phickey/src/sdkpulse/lib/libkernel.a(linkkey_ps.o)
 .text._put_link_key
                0x00006698       0x26 /home/phickey/src/sdkpulse/lib/libkernel.a(linkkey_ps.o)
 *fill*         0x000066be        0x2 00
 .text.bt_put_link_key
                0x000066c0       0xc8 /home/phickey/src/sdkpulse/lib/libkernel.a(linkkey_ps.o)
                0x000066c0                bt_put_link_key
 .text.bt_get_link_key
                0x00006788       0x54 /home/phickey/src/sdkpulse/lib/libkernel.a(linkkey_ps.o)
                0x00006788                bt_get_link_key
 .text.button_init
                0x000067dc       0x12 /home/phickey/src/sdkpulse/lib/libkernel.a(button.o)
                0x000067dc                button_init
 .text.button   0x000067ee       0x12 /home/phickey/src/sdkpulse/lib/libkernel.a(button.o)
                0x000067ee                button
 .text.kernel_wtf
                0x00006800        0x2 /home/phickey/src/sdkpulse/lib/libkernel.a(kernel.o)
                0x00006800                kernel_wtf
 *fill*         0x00006802        0x2 00
 .text.kernel_init
                0x00006804       0x5c /home/phickey/src/sdkpulse/lib/libkernel.a(kernel.o)
                0x00006804                kernel_init
 .text.kernel_init_oled
                0x00006860       0x6a /home/phickey/src/sdkpulse/lib/libkernel.a(kernel.o)
                0x00006860                kernel_init_oled
 *fill*         0x000068ca        0x2 00
 .text.rtc_ctl  0x000068cc       0x18 /home/phickey/src/sdkpulse/lib/libkernel.a(rtc.o)
                0x000068cc                rtc_ctl
 .text.rtc_set_alarm
                0x000068e4       0x38 /home/phickey/src/sdkpulse/lib/libkernel.a(rtc.o)
                0x000068e4                rtc_set_alarm
 .text.rtc_set_time
                0x0000691c       0x48 /home/phickey/src/sdkpulse/lib/libkernel.a(rtc.o)
                0x0000691c                rtc_set_time
 .text.rtc_get_time
                0x00006964       0x90 /home/phickey/src/sdkpulse/lib/libkernel.a(rtc.o)
                0x00006964                rtc_get_time
 .text.rtc_init
                0x000069f4       0x94 /home/phickey/src/sdkpulse/lib/libkernel.a(rtc.o)
                0x000069f4                rtc_init
 .text._spi_select
                0x00006a88       0x1c /home/phickey/src/sdkpulse/lib/libkernel.a(spiflash.o)
 .text._spi_xfer
                0x00006aa4       0x12 /home/phickey/src/sdkpulse/lib/libkernel.a(spiflash.o)
                0x00006aa4                _spi_xfer
 .text._spi_write16
                0x00006ab6       0x10 /home/phickey/src/sdkpulse/lib/libkernel.a(spiflash.o)
 .text._spi_write8
                0x00006ac6       0x10 /home/phickey/src/sdkpulse/lib/libkernel.a(spiflash.o)
 .text._spi_mem_cmd
                0x00006ad6       0x12 /home/phickey/src/sdkpulse/lib/libkernel.a(spiflash.o)
                0x00006ad6                _spi_mem_cmd
 .text.spiflash_getstatus
                0x00006ae8       0x12 /home/phickey/src/sdkpulse/lib/libkernel.a(spiflash.o)
                0x00006ae8                spiflash_getstatus
 .text.spiflash_read
                0x00006afa       0x12 /home/phickey/src/sdkpulse/lib/libkernel.a(spiflash.o)
                0x00006afa                spiflash_read
 .text.spiflash_init
                0x00006b0c       0x12 /home/phickey/src/sdkpulse/lib/libkernel.a(spiflash.o)
                0x00006b0c                spiflash_init
 .text.spiflash_checksum
                0x00006b1e       0x12 /home/phickey/src/sdkpulse/lib/libkernel.a(spiflash.o)
                0x00006b1e                spiflash_checksum
 .text.spiflash_set_wren
                0x00006b30       0x4c /home/phickey/src/sdkpulse/lib/libkernel.a(spiflash.o)
                0x00006b30                spiflash_set_wren
 .text.spiflash_busy
                0x00006b7c       0x10 /home/phickey/src/sdkpulse/lib/libkernel.a(spiflash.o)
                0x00006b7c                spiflash_busy
 .text._spiflash_write_page
                0x00006b8c       0x54 /home/phickey/src/sdkpulse/lib/libkernel.a(spiflash.o)
 .text.spiflash_write
                0x00006be0       0x70 /home/phickey/src/sdkpulse/lib/libkernel.a(spiflash.o)
                0x00006be0                spiflash_write
 .text._flash_erase
                0x00006c50       0x4a /home/phickey/src/sdkpulse/lib/libkernel.a(spiflash.o)
 *fill*         0x00006c9a        0x2 00
 .text.spiflash_erase_sector_at_addr
                0x00006c9c       0x20 /home/phickey/src/sdkpulse/lib/libkernel.a(spiflash.o)
                0x00006c9c                spiflash_erase_sector_at_addr
 .text.spiflash_erase_sector
                0x00006cbc       0x1c /home/phickey/src/sdkpulse/lib/libkernel.a(spiflash.o)
                0x00006cbc                spiflash_erase_sector
 .text.vibe_on  0x00006cd8       0x18 /home/phickey/src/sdkpulse/lib/libkernel.a(vibe.o)
                0x00006cd8                vibe_on
 .text.vibe_off
                0x00006cf0       0x20 /home/phickey/src/sdkpulse/lib/libkernel.a(vibe.o)
                0x00006cf0                vibe_off
 .text.vibe_init
                0x00006d10       0x20 /home/phickey/src/sdkpulse/lib/libkernel.a(vibe.o)
                0x00006d10                vibe_init
 .text.load_font_metadata
                0x00006d30       0x34 /home/phickey/src/sdkpulse/lib/libpulse_os.a(font.o)
                0x00006d30                load_font_metadata
 .text.pulse_get_font_char_metrics
                0x00006d64       0x68 /home/phickey/src/sdkpulse/lib/libpulse_os.a(font.o)
                0x00006d64                pulse_get_font_char_metrics
 .text.pulse_get_font_height
                0x00006dcc       0x14 /home/phickey/src/sdkpulse/lib/libpulse_os.a(font.o)
                0x00006dcc                pulse_get_font_height
 .text.pulse_font_valid
                0x00006de0       0x2c /home/phickey/src/sdkpulse/lib/libpulse_os.a(font.o)
                0x00006de0                pulse_font_valid
 .text.pulse_draw_char
                0x00006e0c      0x124 /home/phickey/src/sdkpulse/lib/libpulse_os.a(font.o)
                0x00006e0c                pulse_draw_char
 .text.pulse_draw_char.stub
                0x00006f30       0x30 linker stubs
 *(.glue_7 .glue_7t)
 .glue_7        0x00000000        0x0 linker stubs
 .glue_7t       0x00000000        0x0 linker stubs
 *(.rodata .rodata.*)
 .rodata.edges  0x00006f68       0x2a /tmp/cco4cPbX.o
 .rodata.vertices
                0x00006f92       0x2a /tmp/cco4cPbX.o
 .rodata.str1.1
                0x00006fbc        0xa /tmp/cco4cPbX.o
 .rodata.COLOR_BLACK24
                0x00006fc6        0x4 /tmp/ccAUnlv4.o
 .rodata.c.1406
                0x00006fca        0x4 /tmp/ccAUnlv4.o
 .rodata.str1.1
                0x00000000        0xa /tmp/ccD0h6nG.o
                                  0x2 (size before relaxing)
 .rodata.str1.1
                0x00006fce        0x6 /home/phickey/src/sdkpulse/lib/libkernel.a(uart.o)
 .rodata.str1.1
                0x00006fd4       0x22 /home/phickey/src/sdkpulse/lib/libkernel.a(printf.o)
 *fill*         0x00006ff6        0x2 00
 .rodata.dbgfont
                0x00006ff8      0x1e0 /home/phickey/src/sdkpulse/lib/libkernel.a(font.o)
                0x00006ff8                dbgfont
 .rodata.C.8.2039
                0x000071d8       0x1c /home/phickey/src/sdkpulse/lib/libpulse_os.a(main.o)
 .rodata.str1.1
                0x000071f4       0xaf /home/phickey/src/sdkpulse/lib/libpulse_os.a(main.o)
                                 0xb6 (size before relaxing)
 .rodata.str1.1
                0x000072a3        0x8 /home/phickey/src/sdkpulse/lib/libpulse_os.a(alarm.o)
 *fill*         0x000072ab        0x1 00
 .rodata.pulse_get_preference
                0x000072ac       0x44 /home/phickey/src/sdkpulse/lib/libpulse_os.a(preferences.o)
 .rodata.pulse_set_preference
                0x000072f0       0x48 /home/phickey/src/sdkpulse/lib/libpulse_os.a(preferences.o)
 .rodata.default_prefs
                0x00007338       0x2c /home/phickey/src/sdkpulse/lib/libpulse_os.a(preferences.o)
                0x00007338                default_prefs
 .rodata.str1.1
                0x00007364       0x34 /home/phickey/src/sdkpulse/lib/libbtstack.a(init_bc4.o)
 .rodata.ubcsp_send_le_header
                0x00007398        0x4 /home/phickey/src/sdkpulse/lib/libbtstack.a(ubcsp.o)
 .rodata.ubcsp_deslip
                0x0000739c        0x4 /home/phickey/src/sdkpulse/lib/libbtstack.a(ubcsp.o)
 .rodata.crc_table.918
                0x000073a0       0x20 /home/phickey/src/sdkpulse/lib/libbtstack.a(ubcsp.o)
 .rodata.next_le_packet
                0x000073c0       0x10 /home/phickey/src/sdkpulse/lib/libbtstack.a(ubcsp.o)
 .rodata.ubcsp_le_buffer
                0x000073d0       0x10 /home/phickey/src/sdkpulse/lib/libbtstack.a(ubcsp.o)
 .rodata.l2cap_signaling_handler
                0x000073e0       0x18 /home/phickey/src/sdkpulse/lib/libbtstack.a(l2cap.o)
 .rodata.l2cap_acl_handler
                0x000073f8       0x30 /home/phickey/src/sdkpulse/lib/libbtstack.a(l2cap.o)
 .rodata.str1.1
                0x00007428        0x4 /home/phickey/src/sdkpulse/lib/libbtstack.a(l2cap.o)
 .rodata.str1.1
                0x0000742c       0x2e /home/phickey/src/sdkpulse/lib/libbtstack.a(hci_transport_bcsp.o)
 *fill*         0x0000745a        0x2 00
 .rodata.C.8.1550
                0x0000745c       0x14 /home/phickey/src/sdkpulse/lib/libbtstack.a(hci_transport_bcsp.o)
 .rodata.hci_run
                0x00007470       0x14 /home/phickey/src/sdkpulse/lib/libbtstack.a(hci.o)
 .rodata.event_handler
                0x00007484       0x34 /home/phickey/src/sdkpulse/lib/libbtstack.a(hci.o)
 .rodata.str1.1
                0x000074b8       0x11 /home/phickey/src/sdkpulse/lib/libbtstack.a(hci.o)
 *fill*         0x000074c9        0x3 00
 .rodata.run_loop_embedded
                0x000074cc       0x1c /home/phickey/src/sdkpulse/lib/libbtstack.a(run_loop_embedded.o)
                0x000074cc                run_loop_embedded
 .rodata.btstack_set_power_mode
                0x000074e8        0x8 /home/phickey/src/sdkpulse/lib/libbtstack.a(hci_cmds.o)
                0x000074e8                btstack_set_power_mode
 .rodata.hci_accept_connection_request
                0x000074f0        0x8 /home/phickey/src/sdkpulse/lib/libbtstack.a(hci_cmds.o)
                0x000074f0                hci_accept_connection_request
 .rodata.hci_create_connection
                0x000074f8        0x8 /home/phickey/src/sdkpulse/lib/libbtstack.a(hci_cmds.o)
                0x000074f8                hci_create_connection
 .rodata.hci_write_local_name
                0x00007500        0x8 /home/phickey/src/sdkpulse/lib/libbtstack.a(hci_cmds.o)
                0x00007500                hci_write_local_name
 .rodata.hci_link_key_request_reply
                0x00007508        0x8 /home/phickey/src/sdkpulse/lib/libbtstack.a(hci_cmds.o)
                0x00007508                hci_link_key_request_reply
 .rodata.l2cap_register_service
                0x00007510        0x8 /home/phickey/src/sdkpulse/lib/libbtstack.a(hci_cmds.o)
                0x00007510                l2cap_register_service
 .rodata.hci_create_connection_cancel
                0x00007518        0x8 /home/phickey/src/sdkpulse/lib/libbtstack.a(hci_cmds.o)
                0x00007518                hci_create_connection_cancel
 .rodata.l2cap_accept_connection
                0x00007520        0x8 /home/phickey/src/sdkpulse/lib/libbtstack.a(hci_cmds.o)
                0x00007520                l2cap_accept_connection
 .rodata.hci_link_key_request_negative_reply
                0x00007528        0x8 /home/phickey/src/sdkpulse/lib/libbtstack.a(hci_cmds.o)
                0x00007528                hci_link_key_request_negative_reply
 .rodata.hci_write_page_timeout
                0x00007530        0x8 /home/phickey/src/sdkpulse/lib/libbtstack.a(hci_cmds.o)
                0x00007530                hci_write_page_timeout
 .rodata.hci_reset
                0x00007538        0x8 /home/phickey/src/sdkpulse/lib/libbtstack.a(hci_cmds.o)
                0x00007538                hci_reset
 .rodata.hci_write_authentication_enable
                0x00007540        0x8 /home/phickey/src/sdkpulse/lib/libbtstack.a(hci_cmds.o)
                0x00007540                hci_write_authentication_enable
 .rodata.hci_disconnect
                0x00007548        0x8 /home/phickey/src/sdkpulse/lib/libbtstack.a(hci_cmds.o)
                0x00007548                hci_disconnect
 .rodata.hci_write_scan_enable
                0x00007550        0x8 /home/phickey/src/sdkpulse/lib/libbtstack.a(hci_cmds.o)
                0x00007550                hci_write_scan_enable
 .rodata.hci_read_bd_addr
                0x00007558        0x8 /home/phickey/src/sdkpulse/lib/libbtstack.a(hci_cmds.o)
                0x00007558                hci_read_bd_addr
 .rodata.hci_exit_sniff_mode
                0x00007560        0x8 /home/phickey/src/sdkpulse/lib/libbtstack.a(hci_cmds.o)
                0x00007560                hci_exit_sniff_mode
 .rodata.hci_pin_code_request_reply
                0x00007568        0x8 /home/phickey/src/sdkpulse/lib/libbtstack.a(hci_cmds.o)
                0x00007568                hci_pin_code_request_reply
 .rodata.hci_write_default_link_policy
                0x00007570        0x8 /home/phickey/src/sdkpulse/lib/libbtstack.a(hci_cmds.o)
                0x00007570                hci_write_default_link_policy
 .rodata.hci_write_class_of_device
                0x00007578        0x8 /home/phickey/src/sdkpulse/lib/libbtstack.a(hci_cmds.o)
                0x00007578                hci_write_class_of_device
 .rodata.str1.1
                0x00007580       0x40 /home/phickey/src/sdkpulse/lib/libbtstack.a(hci_cmds.o)
                                 0x53 (size before relaxing)
 .rodata.hci_sniff_mode
                0x000075c0        0x8 /home/phickey/src/sdkpulse/lib/libbtstack.a(hci_cmds.o)
                0x000075c0                hci_sniff_mode
 .rodata.str1.1
                0x000075c8        0x5 /home/phickey/src/sdkpulse/lib/libbtstack.a(l2cap_signaling.o)
                                 0x15 (size before relaxing)
 *fill*         0x000075cd        0x3 00
 .rodata.l2cap_signaling_commands_format
                0x000075d0       0x2c /home/phickey/src/sdkpulse/lib/libbtstack.a(l2cap_signaling.o)
 .rodata.socket_connection_send_packet
                0x000075fc       0x94 /home/phickey/src/sdkpulse/lib/libbtstack.a(socket_connection_embedded.o)
 .rodata.adc_loop
                0x00007690       0x1c /home/phickey/src/sdkpulse/lib/libkernel.a(battery.o)
 .rodata.str1.1
                0x000076ac       0x41 /home/phickey/src/sdkpulse/lib/libkernel.a(bt.o)
                0x000076ed                _etext = .

.vfp11_veneer   0x000076f0        0x0 load address 0x000076ed
 .vfp11_veneer  0x00000000        0x0 linker stubs

.v4_bx          0x000076f0        0x0 load address 0x000076ed
 .v4_bx         0x00000000        0x0 linker stubs

.data           0x40000000       0x52 load address 0x000076ed
                0x40000000                _data = .
 *(.data .data.*)
 .data.rh       0x40000000        0x4 /home/phickey/src/sdkpulse/lib/libkernel.a(uart.o)
 .data.th       0x40000004        0x4 /home/phickey/src/sdkpulse/lib/libkernel.a(uart.o)
 .data.rt       0x40000008        0x4 /home/phickey/src/sdkpulse/lib/libkernel.a(uart.o)
 .data.tt       0x4000000c        0x4 /home/phickey/src/sdkpulse/lib/libkernel.a(uart.o)
 .data.hold_to_reset_time
                0x40000010        0x2 /home/phickey/src/sdkpulse/lib/libpulse_os.a(main.o)
                0x40000010                hold_to_reset_time
 *fill*         0x40000012        0x2 00
 .data.vibe_timer
                0x40000014        0x4 /home/phickey/src/sdkpulse/lib/libpulse_os.a(main.o)
                0x40000014                vibe_timer
 .data.continuous_timer
                0x40000018        0x4 /home/phickey/src/sdkpulse/lib/libpulse_os.a(main.o)
                0x40000018                continuous_timer
 .data.power_down_timer_id
                0x4000001c        0x4 /home/phickey/src/sdkpulse/lib/libpulse_os.a(main.o)
                0x4000001c                power_down_timer_id
 .data.event_packet_handler
                0x40000020        0x4 /home/phickey/src/sdkpulse/lib/libbtstack.a(l2cap.o)
 .data.data_packet_handler
                0x40000024        0x4 /home/phickey/src/sdkpulse/lib/libbtstack.a(l2cap.o)
 .data.config_options
                0x40000028        0x4 /home/phickey/src/sdkpulse/lib/libbtstack.a(l2cap.o)
 .data.null_control
                0x4000002c       0x10 /home/phickey/src/sdkpulse/lib/libbtstack.a(hci.o)
 .data.source_cid
                0x4000003c        0x2 /home/phickey/src/sdkpulse/lib/libbtstack.a(l2cap_signaling.o)
                0x4000003c                source_cid
 .data.sig_seq_nr
                0x4000003e        0x1 /home/phickey/src/sdkpulse/lib/libbtstack.a(l2cap_signaling.o)
                0x4000003e                sig_seq_nr
 *fill*         0x4000003f        0x1 00
 .data.daemon_tcp_port
                0x40000040        0x2 /home/phickey/src/sdkpulse/lib/libbtstack.a(btstack.o)
 *fill*         0x40000042        0x2 00
 .data.client_packet_handler
                0x40000044        0x4 /home/phickey/src/sdkpulse/lib/libbtstack.a(btstack.o)
 .data.adc_done
                0x40000048        0x1 /home/phickey/src/sdkpulse/lib/libkernel.a(battery.o)
                0x40000048                adc_done
 *fill*         0x40000049        0x3 00
 .data.first.2050
                0x4000004c        0x4 /home/phickey/src/sdkpulse/lib/libkernel.a(bt.o)
 .data.font_cached
                0x40000050        0x2 /home/phickey/src/sdkpulse/lib/libpulse_os.a(font.o)
                0x40000050                font_cached
                0x000076ed                _data_src = LOADADDR (.data)
                0x00000052                _data_len = SIZEOF (.data)

.bss            0x40000054     0x144c load address 0x0000773f
                0x40000054                _bss = .
 *(.bss .bss.*)
 .bss.m2        0x40000054        0x9 /tmp/cco4cPbX.o
 .bss.ident     0x4000005d        0x9 /tmp/cco4cPbX.o
 .bss.pixels    0x40000066       0x1c /tmp/cco4cPbX.o
 *fill*         0x40000082        0x2 00
 .bss.not_charging
                0x40000084        0x4 /tmp/cco4cPbX.o
 .bss.m3        0x40000088        0x9 /tmp/cco4cPbX.o
 *fill*         0x40000091        0x3 00
 .bss.rmats     0x40000094       0x10 /tmp/cco4cPbX.o
 .bss.selected_mat
                0x400000a4        0x1 /tmp/cco4cPbX.o
 .bss.m1        0x400000a5        0x9 /tmp/cco4cPbX.o
 .bss.shutdown_scheduled
                0x400000ae        0x1 /tmp/cco4cPbX.o
 *fill*         0x400000af        0x1 00
 .bss.camera    0x400000b0       0x10 /tmp/cco4cPbX.o
 .bss.last_min  0x400000c0        0x1 /tmp/cco4cPbX.o
 .bss.last_sec  0x400000c1        0x1 /tmp/cco4cPbX.o
 .bss.buf       0x400000c2        0x2 /tmp/cc1uCVDr.o
 .bss.input_valid.1025
                0x400000c4        0x1 /tmp/ccD0h6nG.o
 .bss.input_idx.1026
                0x400000c5        0x1 /tmp/ccD0h6nG.o
 .bss.buf.1027  0x400000c6        0x9 /tmp/ccD0h6nG.o
 *fill*         0x400000cf        0x1 00
 .bss.rbuf      0x400000d0       0x40 /home/phickey/src/sdkpulse/lib/libkernel.a(uart.o)
 .bss.tbuf      0x40000110        0x8 /home/phickey/src/sdkpulse/lib/libkernel.a(uart.o)
 .bss.rlvl      0x40000118        0x1 /home/phickey/src/sdkpulse/lib/libkernel.a(uart.o)
 .bss.tlvl      0x40000119        0x1 /home/phickey/src/sdkpulse/lib/libkernel.a(uart.o)
 *fill*         0x4000011a        0x2 00
 .bss.tcount    0x4000011c        0x4 /home/phickey/src/sdkpulse/lib/libkernel.a(timer.o)
                0x4000011c                tcount
 .bss.fx        0x40000120        0x1 /home/phickey/src/sdkpulse/lib/libkernel.a(font.o)
 .bss.fy        0x40000121        0x1 /home/phickey/src/sdkpulse/lib/libkernel.a(font.o)
 *fill*         0x40000122        0x2 00
 .bss.table     0x40000124        0x4 /home/phickey/src/sdkpulse/lib/libkernel.a(font.o)
 .bss.timer_list
                0x40000128       0x80 /home/phickey/src/sdkpulse/lib/libpulse_os.a(timer.o)
 .bss.was_down  0x400001a8        0x1 /home/phickey/src/sdkpulse/lib/libpulse_os.a(main.o)
 .bss.allerta_main_app
                0x400001a9        0x1 /home/phickey/src/sdkpulse/lib/libpulse_os.a(main.o)
                0x400001a9                allerta_main_app
 .bss.unsafe_spiflash_ops_enabled
                0x400001aa        0x1 /home/phickey/src/sdkpulse/lib/libpulse_os.a(main.o)
                0x400001aa                unsafe_spiflash_ops_enabled
 .bss.during_brief_wakeup
                0x400001ab        0x1 /home/phickey/src/sdkpulse/lib/libpulse_os.a(main.o)
                0x400001ab                during_brief_wakeup
 .bss.msg_num   0x400001ac        0x2 /home/phickey/src/sdkpulse/lib/libpulse_os.a(notification.o)
 *fill*         0x400001ae        0x2 00
 .bss.active_ids
                0x400001b0      0x120 /home/phickey/src/sdkpulse/lib/libpulse_os.a(notification.o)
 .bss.data      0x400002d0      0x104 /home/phickey/src/sdkpulse/lib/libpulse_os.a(notification.o)
 .bss.active_prefs
                0x400003d4       0x2c /home/phickey/src/sdkpulse/lib/libpulse_os.a(preferences.o)
 .bss.sent      0x40000400        0x4 /home/phickey/src/sdkpulse/lib/libbtstack.a(init_bc4.o)
 .bss.seqnum    0x40000404        0x2 /home/phickey/src/sdkpulse/lib/libbtstack.a(init_bc4.o)
 *fill*         0x40000406        0x2 00
 .bss.send_packet
                0x40000408        0xc /home/phickey/src/sdkpulse/lib/libbtstack.a(init_bc4.o)
 .bss.receive_buffer
                0x40000414      0x100 /home/phickey/src/sdkpulse/lib/libbtstack.a(init_bc4.o)
 .bss.transport.1826
                0x40000514        0x4 /home/phickey/src/sdkpulse/lib/libbtstack.a(init_bc4.o)
 .bss.last_varid
                0x40000518        0x2 /home/phickey/src/sdkpulse/lib/libbtstack.a(init_bc4.o)
 .bss.activity  0x4000051a        0x1 /home/phickey/src/sdkpulse/lib/libbtstack.a(init_bc4.o)
 *fill*         0x4000051b        0x1 00
 .bss.send_buffer
                0x4000051c      0x100 /home/phickey/src/sdkpulse/lib/libbtstack.a(init_bc4.o)
 .bss.os_data_handler
                0x4000061c        0x4 /home/phickey/src/sdkpulse/lib/libbtstack.a(init_bc4.o)
 .bss.os_event_handler
                0x40000620        0x4 /home/phickey/src/sdkpulse/lib/libbtstack.a(init_bc4.o)
 .bss.config.1827
                0x40000624        0xc /home/phickey/src/sdkpulse/lib/libbtstack.a(init_bc4.o)
 .bss.timeout   0x40000630        0x4 /home/phickey/src/sdkpulse/lib/libbtstack.a(init_bc4.o)
 .bss.bc4_is_up
                0x40000634        0x4 /home/phickey/src/sdkpulse/lib/libbtstack.a(init_bc4.o)
                0x40000634                bc4_is_up
 .bss.response_packet
                0x40000638      0x100 /home/phickey/src/sdkpulse/lib/libbtstack.a(init_bc4.o)
 .bss.receive_packet
                0x40000738        0xc /home/phickey/src/sdkpulse/lib/libbtstack.a(init_bc4.o)
 .bss.ubcsp_send_header
                0x40000744        0x4 /home/phickey/src/sdkpulse/lib/libbtstack.a(ubcsp.o)
 .bss.ubcsp_receive_header
                0x40000748        0x4 /home/phickey/src/sdkpulse/lib/libbtstack.a(ubcsp.o)
 .bss.loop.980  0x4000074c        0x4 /home/phickey/src/sdkpulse/lib/libbtstack.a(ubcsp.o)
 .bss.ubcsp_send_crc
                0x40000750        0x4 /home/phickey/src/sdkpulse/lib/libbtstack.a(ubcsp.o)
 .bss.octet.954
                0x40000754        0x4 /home/phickey/src/sdkpulse/lib/libbtstack.a(ubcsp.o)
 .bss.length.982
                0x40000758        0x2 /home/phickey/src/sdkpulse/lib/libbtstack.a(ubcsp.o)
 .bss.crc.981   0x4000075a        0x2 /home/phickey/src/sdkpulse/lib/libbtstack.a(ubcsp.o)
 .bss.receive_crc.976
                0x4000075c        0x1 /home/phickey/src/sdkpulse/lib/libbtstack.a(ubcsp.o)
 *fill*         0x4000075d        0x3 00
 .bss.loop.955  0x40000760        0x4 /home/phickey/src/sdkpulse/lib/libbtstack.a(ubcsp.o)
 .bss.activity.979
                0x40000764        0x1 /home/phickey/src/sdkpulse/lib/libbtstack.a(ubcsp.o)
 .bss.receive_ack.978
                0x40000765        0x1 /home/phickey/src/sdkpulse/lib/libbtstack.a(ubcsp.o)
 *fill*         0x40000766        0x2 00
 .bss.ubcsp_send_ack_header
                0x40000768        0x4 /home/phickey/src/sdkpulse/lib/libbtstack.a(ubcsp.o)
 .bss.receive_seq.977
                0x4000076c        0x1 /home/phickey/src/sdkpulse/lib/libbtstack.a(ubcsp.o)
 *fill*         0x4000076d        0x3 00
 .bss.ubcsp_config
                0x40000770       0x34 /home/phickey/src/sdkpulse/lib/libbtstack.a(ubcsp.o)
 .bss.l2cap_services
                0x400007a4        0x4 /home/phickey/src/sdkpulse/lib/libbtstack.a(l2cap.o)
 .bss.capture_connection
                0x400007a8        0x4 /home/phickey/src/sdkpulse/lib/libbtstack.a(l2cap.o)
 .bss.acl_buffer
                0x400007ac        0x4 /home/phickey/src/sdkpulse/lib/libbtstack.a(l2cap.o)
 .bss.l2cap_channels
                0x400007b0        0x4 /home/phickey/src/sdkpulse/lib/libbtstack.a(l2cap.o)
 .bss._acl_buffer.1505
                0x400007b4      0x108 /home/phickey/src/sdkpulse/lib/libbtstack.a(l2cap.o)
 .bss.sig_buffer
                0x400008bc        0x4 /home/phickey/src/sdkpulse/lib/libbtstack.a(l2cap.o)
 .bss._channel.1711
                0x400008c0       0x20 /home/phickey/src/sdkpulse/lib/libbtstack.a(l2cap.o)
 .bss._sig_buffer.1504
                0x400008e0       0x30 /home/phickey/src/sdkpulse/lib/libbtstack.a(l2cap.o)
 .bss._service.1853
                0x40000910       0x10 /home/phickey/src/sdkpulse/lib/libbtstack.a(l2cap.o)
 .bss._chan.1567
                0x40000920       0x20 /home/phickey/src/sdkpulse/lib/libbtstack.a(l2cap.o)
 .bss.x.1617    0x40000940        0x4 /home/phickey/src/sdkpulse/lib/libbtstack.a(hci_transport_bcsp.o)
 .bss._hci_transport_bcsp
                0x40000944      0x180 /home/phickey/src/sdkpulse/lib/libbtstack.a(hci_transport_bcsp.o)
 .bss.txt       0x40000ac4        0x4 /home/phickey/src/sdkpulse/lib/libbtstack.a(hci_transport_bcsp.o)
 .bss._bcsp_ds  0x40000ac8       0x10 /home/phickey/src/sdkpulse/lib/libbtstack.a(hci_transport_bcsp.o)
 .bss._ubcsp_tx_fifo
                0x40000ad8      0x308 /home/phickey/src/sdkpulse/lib/libbtstack.a(hci_transport_bcsp.o)
 .bss.bcsp      0x40000de0        0x4 /home/phickey/src/sdkpulse/lib/libbtstack.a(hci_transport_bcsp.o)
 .bss._ubcsp_tx_buf
                0x40000de4      0x100 /home/phickey/src/sdkpulse/lib/libbtstack.a(hci_transport_bcsp.o)
 .bss.txh       0x40000ee4        0x4 /home/phickey/src/sdkpulse/lib/libbtstack.a(hci_transport_bcsp.o)
 .bss._ubcsp_rx_buf
                0x40000ee8      0x100 /home/phickey/src/sdkpulse/lib/libbtstack.a(hci_transport_bcsp.o)
 .bss.the_run_loop
                0x40000fe8        0x4 /home/phickey/src/sdkpulse/lib/libbtstack.a(run_loop.o)
 .bss.hci_stack
                0x40000fec      0x128 /home/phickey/src/sdkpulse/lib/libbtstack.a(hci.o)
 .bss._conn.1601
                0x40001114      0x18c /home/phickey/src/sdkpulse/lib/libbtstack.a(hci.o)
 .bss.data_sources
                0x400012a0        0x4 /home/phickey/src/sdkpulse/lib/libbtstack.a(run_loop_embedded.o)
 .bss.timers    0x400012a4        0x4 /home/phickey/src/sdkpulse/lib/libbtstack.a(run_loop_embedded.o)
 .bss.wtf_handler
                0x400012a8        0x4 /home/phickey/src/sdkpulse/lib/libbtstack.a(btstack.o)
 .bss.btstack_connection
                0x400012ac        0x4 /home/phickey/src/sdkpulse/lib/libbtstack.a(btstack.o)
 .bss.daemon_tcp_address
                0x400012b0        0x4 /home/phickey/src/sdkpulse/lib/libbtstack.a(btstack.o)
 .bss.hci_cmd_buffer
                0x400012b4      0x104 /home/phickey/src/sdkpulse/lib/libbtstack.a(btstack.o)
 .bss.socket_connection_packet_callback
                0x400013b8        0x4 /home/phickey/src/sdkpulse/lib/libbtstack.a(socket_connection_embedded.o)
 .bss.timeout   0x400013bc       0x10 /home/phickey/src/sdkpulse/lib/libbtstack.a(socket_connection_embedded.o)
 .bss.charge_current
                0x400013cc        0x2 /home/phickey/src/sdkpulse/lib/libkernel.a(battery.o)
 .bss.battery_voltage_adc
                0x400013ce        0x2 /home/phickey/src/sdkpulse/lib/libkernel.a(battery.o)
 .bss.state.1342
                0x400013d0        0x4 /home/phickey/src/sdkpulse/lib/libkernel.a(battery.o)
 .bss.is_connected
                0x400013d4        0x1 /home/phickey/src/sdkpulse/lib/libkernel.a(bt.o)
                0x400013d4                is_connected
 *fill*         0x400013d5        0x1 00
 .bss.handle    0x400013d6        0x2 /home/phickey/src/sdkpulse/lib/libkernel.a(bt.o)
 .bss.bt_pin_code
                0x400013d8        0x8 /home/phickey/src/sdkpulse/lib/libkernel.a(bt.o)
 .bss.name      0x400013e0       0x10 /home/phickey/src/sdkpulse/lib/libkernel.a(bt.o)
 .bss.userspace_data_handler
                0x400013f0        0x4 /home/phickey/src/sdkpulse/lib/libkernel.a(bt.o)
 COMMON         0x400013f4       0x14 /tmp/cc1uCVDr.o
                0x400013f4                font
 COMMON         0x40001408       0x18 /home/phickey/src/sdkpulse/lib/libkernel.a(uart.o)
                0x40001408                bt_tx_level
                0x4000140c                bt_lsr_err
                0x40001410                bt_rx_hwm
                0x40001414                bt_tx_hwm
                0x40001418                bt_rx_level
                0x4000141c                bt_lsr_copy
 COMMON         0x40001420       0x2e /home/phickey/src/sdkpulse/lib/libpulse_os.a(main.o)
                0x40001420                button_start_time
                0x40001424                active_alert
                0x40001430                static_resp_int
                0x40001434                registeredActionCallbacks
                0x40001448                minOfLastAlarmCheck
                0x4000144a                draw_top
                0x4000144b                draw_date
                0x4000144c                cid
 *fill*         0x4000144e        0x2 00
 COMMON         0x40001450       0x42 /home/phickey/src/sdkpulse/lib/libpulse_os.a(alarm.o)
                0x40001450                activeAlarm
                0x4000148c                alarm_string
 COMMON         0x40001492        0x6 /home/phickey/src/sdkpulse/lib/libpulse_os.a(battery_log.o)
                0x40001492                current_charge_state
                0x40001493                last_charge_state
                0x40001494                last_event_num
                0x40001496                batt_life
 COMMON         0x40001498        0x8 /home/phickey/src/sdkpulse/lib/libpulse_os.a(font.o)
                0x40001498                cached_font_meta
                0x0000144c                _bss_len = SIZEOF (.bss)
                0x400014a0                . = ALIGN (0x4)
                0x400014a0                . = ALIGN (0x4)
                0x400014a0                _end = .
                0x400014a0                _bss_end__ = .
                0x400014a0                __bss_end__ = .
                0x400014a0                __end__ = .
                0x400014a0                PROVIDE (end, .)
                0x000076ed                PROVIDE (_initdata_src, LOADADDR (.data))
                0x00000052                PROVIDE (_initdata_len, SIZEOF (.data))
                0xe0024044                PROVIDE (alloword, 0xe0024044)
OUTPUT(pulse_app elf32-littlearm)

.ARM.attributes
                0x00000000       0x2d
 .ARM.attributes
                0x00000000       0x16 /home/phickey/bin/arm-gcc/bin/../lib/gcc/arm-none-eabi/4.5.1/thumb/crti.o
 .ARM.attributes
                0x00000016       0x34 /home/phickey/bin/arm-gcc/bin/../lib/gcc/arm-none-eabi/4.5.1/thumb/crtbegin.o
 .ARM.attributes
                0x0000004a       0x34 /tmp/cco4cPbX.o
 .ARM.attributes
                0x0000007e       0x34 /tmp/cc1uCVDr.o
 .ARM.attributes
                0x000000b2       0x34 /tmp/ccoTeXaX.o
 .ARM.attributes
                0x000000e6       0x34 /tmp/ccN0RzAu.o
 .ARM.attributes
                0x0000011a       0x34 /tmp/ccAUnlv4.o
 .ARM.attributes
                0x0000014e       0x34 /tmp/ccD0h6nG.o
 .ARM.attributes
                0x00000182       0x34 /home/phickey/src/sdkpulse/lib/libkernel.a(mem.o)
 .ARM.attributes
                0x000001b6       0x34 /home/phickey/src/sdkpulse/lib/libkernel.a(uart.o)
 .ARM.attributes
                0x000001ea       0x34 /home/phickey/src/sdkpulse/lib/libkernel.a(oled.o)
 .ARM.attributes
                0x0000021e       0x34 /home/phickey/src/sdkpulse/lib/libkernel.a(timer.o)
 .ARM.attributes
                0x00000252       0x34 /home/phickey/src/sdkpulse/lib/libkernel.a(watchdog.o)
 .ARM.attributes
                0x00000286       0x34 /home/phickey/src/sdkpulse/lib/libkernel.a(printf.o)
 .ARM.attributes
                0x000002ba       0x34 /home/phickey/src/sdkpulse/lib/libkernel.a(font.o)
 .ARM.attributes
                0x000002ee       0x34 /home/phickey/src/sdkpulse/lib/libpulse_os.a(display.o)
 .ARM.attributes
                0x00000322       0x34 /home/phickey/src/sdkpulse/lib/libpulse_os.a(resource.o)
 .ARM.attributes
                0x00000356       0x34 /home/phickey/src/sdkpulse/lib/libpulse_os.a(timer.o)
 .ARM.attributes
                0x0000038a       0x34 /home/phickey/src/sdkpulse/lib/libpulse_os.a(clock.o)
 .ARM.attributes
                0x000003be       0x34 /home/phickey/src/sdkpulse/lib/libpulse_os.a(main.o)
 .ARM.attributes
                0x000003f2       0x34 /home/phickey/src/sdkpulse/lib/libpulse_os.a(alarm.o)
 .ARM.attributes
                0x00000426       0x34 /home/phickey/src/sdkpulse/lib/libpulse_os.a(battery_log.o)
 .ARM.attributes
                0x0000045a       0x34 /home/phickey/src/sdkpulse/lib/libpulse_os.a(notification.o)
 .ARM.attributes
                0x0000048e       0x34 /home/phickey/src/sdkpulse/lib/libpulse_os.a(preferences.o)
 .ARM.attributes
                0x000004c2       0x34 /home/phickey/src/sdkpulse/lib/libpulse_protocol.a(pp_dispatcher.o)
 .ARM.attributes
                0x000004f6       0x34 /home/phickey/src/sdkpulse/lib/libpulse_protocol.a(pulse_protocol.o)
 .ARM.attributes
                0x0000052a       0x34 /home/phickey/src/sdkpulse/lib/libpulse_widgets.a(text.o)
 .ARM.attributes
                0x0000055e       0x34 /home/phickey/src/sdkpulse/lib/libpulse_widgets.a(widgets.o)
 .ARM.attributes
                0x00000592       0x34 /home/phickey/src/sdkpulse/lib/libpulse_widgets.a(image.o)
 .ARM.attributes
                0x000005c6       0x34 /home/phickey/src/sdkpulse/lib/libpulse_widgets.a(misc.o)
 .ARM.attributes
                0x000005fa       0x34 /home/phickey/src/sdkpulse/lib/obj/irq.o
 .ARM.attributes
                0x0000062e       0x34 /home/phickey/src/sdkpulse/lib/obj/kernel_struct.o
 .ARM.attributes
                0x00000662       0x18 /home/phickey/bin/arm-gcc/bin/../lib/gcc/arm-none-eabi/4.5.1/thumb/libgcc.a(_thumb1_case_uqi.o)
 .ARM.attributes
                0x0000067a       0x1a /home/phickey/bin/arm-gcc/bin/../lib/gcc/arm-none-eabi/4.5.1/thumb/libgcc.a(_udivsi3.o)
 .ARM.attributes
                0x00000694       0x1a /home/phickey/bin/arm-gcc/bin/../lib/gcc/arm-none-eabi/4.5.1/thumb/libgcc.a(_divsi3.o)
 .ARM.attributes
                0x000006ae       0x18 /home/phickey/bin/arm-gcc/bin/../lib/gcc/arm-none-eabi/4.5.1/thumb/libgcc.a(_dvmd_tls.o)
 .ARM.attributes
                0x000006c6       0x34 /home/phickey/src/sdkpulse/lib/libbtstack.a(init_bc4.o)
 .ARM.attributes
                0x000006fa       0x34 /home/phickey/src/sdkpulse/lib/libbtstack.a(ubcsp.o)
 .ARM.attributes
                0x0000072e       0x34 /home/phickey/src/sdkpulse/lib/libbtstack.a(l2cap.o)
 .ARM.attributes
                0x00000762       0x34 /home/phickey/src/sdkpulse/lib/libbtstack.a(hci_transport_bcsp.o)
 .ARM.attributes
                0x00000796       0x34 /home/phickey/src/sdkpulse/lib/libbtstack.a(run_loop.o)
 .ARM.attributes
                0x000007ca       0x34 /home/phickey/src/sdkpulse/lib/libbtstack.a(hci.o)
 .ARM.attributes
                0x000007fe       0x34 /home/phickey/src/sdkpulse/lib/libbtstack.a(utils.o)
 .ARM.attributes
                0x00000832       0x34 /home/phickey/src/sdkpulse/lib/libbtstack.a(run_loop_embedded.o)
 .ARM.attributes
                0x00000866       0x34 /home/phickey/src/sdkpulse/lib/libbtstack.a(hci_cmds.o)
 .ARM.attributes
                0x0000089a       0x34 /home/phickey/src/sdkpulse/lib/libbtstack.a(hci_dump.o)
 .ARM.attributes
                0x000008ce       0x34 /home/phickey/src/sdkpulse/lib/libbtstack.a(linked_list.o)
 .ARM.attributes
                0x00000902       0x34 /home/phickey/src/sdkpulse/lib/libbtstack.a(l2cap_signaling.o)
 .ARM.attributes
                0x00000936       0x34 /home/phickey/src/sdkpulse/lib/libbtstack.a(btstack.o)
 .ARM.attributes
                0x0000096a       0x34 /home/phickey/src/sdkpulse/lib/libbtstack.a(socket_connection_embedded.o)
 .ARM.attributes
                0x0000099e       0x34 /home/phickey/src/sdkpulse/lib/libdebug.a(debug.o)
 .ARM.attributes
                0x000009d2       0x34 /home/phickey/src/sdkpulse/lib/libkernel.a(battery.o)
 .ARM.attributes
                0x00000a06       0x34 /home/phickey/src/sdkpulse/lib/libkernel.a(bt.o)
 .ARM.attributes
                0x00000a3a       0x34 /home/phickey/src/sdkpulse/lib/libkernel.a(linkkey_ps.o)
 .ARM.attributes
                0x00000a6e       0x34 /home/phickey/src/sdkpulse/lib/libkernel.a(button.o)
 .ARM.attributes
                0x00000aa2       0x34 /home/phickey/src/sdkpulse/lib/libkernel.a(kernel.o)
 .ARM.attributes
                0x00000ad6       0x34 /home/phickey/src/sdkpulse/lib/libkernel.a(rtc.o)
 .ARM.attributes
                0x00000b0a       0x34 /home/phickey/src/sdkpulse/lib/libkernel.a(spiflash.o)
 .ARM.attributes
                0x00000b3e       0x34 /home/phickey/src/sdkpulse/lib/libkernel.a(vibe.o)
 .ARM.attributes
                0x00000b72       0x34 /home/phickey/src/sdkpulse/lib/libpulse_os.a(font.o)
 .ARM.attributes
                0x00000ba6       0x34 /home/phickey/bin/arm-gcc/bin/../lib/gcc/arm-none-eabi/4.5.1/thumb/crtend.o
 .ARM.attributes
                0x00000bda       0x16 /home/phickey/bin/arm-gcc/bin/../lib/gcc/arm-none-eabi/4.5.1/thumb/crtn.o

.comment        0x00000000      0x83a
 .comment       0x00000000       0x2a /tmp/cco4cPbX.o
                                 0x2b (size before relaxing)
 .comment       0x00000000       0x2b /tmp/cc1uCVDr.o
 .comment       0x00000000       0x2b /tmp/ccoTeXaX.o
 .comment       0x00000000       0x2b /tmp/ccN0RzAu.o
 .comment       0x00000000       0x2b /tmp/ccAUnlv4.o
 .comment       0x00000000       0x2b /tmp/ccD0h6nG.o
 .comment       0x0000002a       0x2b /home/phickey/src/sdkpulse/lib/libkernel.a(mem.o)
 .comment       0x00000055       0x2b /home/phickey/src/sdkpulse/lib/libkernel.a(uart.o)
 .comment       0x00000080       0x2b /home/phickey/src/sdkpulse/lib/libkernel.a(oled.o)
 .comment       0x000000ab       0x2b /home/phickey/src/sdkpulse/lib/libkernel.a(timer.o)
 .comment       0x000000d6       0x2b /home/phickey/src/sdkpulse/lib/libkernel.a(watchdog.o)
 .comment       0x00000101       0x2b /home/phickey/src/sdkpulse/lib/libkernel.a(printf.o)
 .comment       0x0000012c       0x2b /home/phickey/src/sdkpulse/lib/libkernel.a(font.o)
 .comment       0x00000157       0x2b /home/phickey/src/sdkpulse/lib/libpulse_os.a(display.o)
 .comment       0x00000182       0x2b /home/phickey/src/sdkpulse/lib/libpulse_os.a(resource.o)
 .comment       0x000001ad       0x2b /home/phickey/src/sdkpulse/lib/libpulse_os.a(timer.o)
 .comment       0x000001d8       0x2b /home/phickey/src/sdkpulse/lib/libpulse_os.a(clock.o)
 .comment       0x00000203       0x2b /home/phickey/src/sdkpulse/lib/libpulse_os.a(main.o)
 .comment       0x0000022e       0x2b /home/phickey/src/sdkpulse/lib/libpulse_os.a(alarm.o)
 .comment       0x00000259       0x2b /home/phickey/src/sdkpulse/lib/libpulse_os.a(battery_log.o)
 .comment       0x00000284       0x2b /home/phickey/src/sdkpulse/lib/libpulse_os.a(notification.o)
 .comment       0x000002af       0x2b /home/phickey/src/sdkpulse/lib/libpulse_os.a(preferences.o)
 .comment       0x000002da       0x2b /home/phickey/src/sdkpulse/lib/libpulse_protocol.a(pp_dispatcher.o)
 .comment       0x00000305       0x2b /home/phickey/src/sdkpulse/lib/libpulse_protocol.a(pulse_protocol.o)
 .comment       0x00000330       0x2b /home/phickey/src/sdkpulse/lib/libpulse_widgets.a(text.o)
 .comment       0x0000035b       0x2b /home/phickey/src/sdkpulse/lib/libpulse_widgets.a(widgets.o)
 .comment       0x00000386       0x2b /home/phickey/src/sdkpulse/lib/libpulse_widgets.a(image.o)
 .comment       0x000003b1       0x2b /home/phickey/src/sdkpulse/lib/libpulse_widgets.a(misc.o)
 .comment       0x000003dc       0x2b /home/phickey/src/sdkpulse/lib/obj/irq.o
 .comment       0x00000407       0x2b /home/phickey/src/sdkpulse/lib/obj/kernel_struct.o
 .comment       0x00000432       0x2b /home/phickey/src/sdkpulse/lib/libbtstack.a(init_bc4.o)
 .comment       0x0000045d       0x2b /home/phickey/src/sdkpulse/lib/libbtstack.a(ubcsp.o)
 .comment       0x00000488       0x2b /home/phickey/src/sdkpulse/lib/libbtstack.a(l2cap.o)
 .comment       0x000004b3       0x2b /home/phickey/src/sdkpulse/lib/libbtstack.a(hci_transport_bcsp.o)
 .comment       0x000004de       0x2b /home/phickey/src/sdkpulse/lib/libbtstack.a(run_loop.o)
 .comment       0x00000509       0x2b /home/phickey/src/sdkpulse/lib/libbtstack.a(hci.o)
 .comment       0x00000534       0x2b /home/phickey/src/sdkpulse/lib/libbtstack.a(utils.o)
 .comment       0x0000055f       0x2b /home/phickey/src/sdkpulse/lib/libbtstack.a(run_loop_embedded.o)
 .comment       0x0000058a       0x2b /home/phickey/src/sdkpulse/lib/libbtstack.a(hci_cmds.o)
 .comment       0x000005b5       0x2b /home/phickey/src/sdkpulse/lib/libbtstack.a(hci_dump.o)
 .comment       0x000005e0       0x2b /home/phickey/src/sdkpulse/lib/libbtstack.a(linked_list.o)
 .comment       0x0000060b       0x2b /home/phickey/src/sdkpulse/lib/libbtstack.a(l2cap_signaling.o)
 .comment       0x00000636       0x2b /home/phickey/src/sdkpulse/lib/libbtstack.a(btstack.o)
 .comment       0x00000661       0x2b /home/phickey/src/sdkpulse/lib/libbtstack.a(socket_connection_embedded.o)
 .comment       0x0000068c       0x2b /home/phickey/src/sdkpulse/lib/libdebug.a(debug.o)
 .comment       0x000006b7       0x2b /home/phickey/src/sdkpulse/lib/libkernel.a(battery.o)
 .comment       0x000006e2       0x2b /home/phickey/src/sdkpulse/lib/libkernel.a(bt.o)
 .comment       0x0000070d       0x2b /home/phickey/src/sdkpulse/lib/libkernel.a(linkkey_ps.o)
 .comment       0x00000738       0x2b /home/phickey/src/sdkpulse/lib/libkernel.a(button.o)
 .comment       0x00000763       0x2b /home/phickey/src/sdkpulse/lib/libkernel.a(kernel.o)
 .comment       0x0000078e       0x2b /home/phickey/src/sdkpulse/lib/libkernel.a(rtc.o)
 .comment       0x000007b9       0x2b /home/phickey/src/sdkpulse/lib/libkernel.a(spiflash.o)
 .comment       0x000007e4       0x2b /home/phickey/src/sdkpulse/lib/libkernel.a(vibe.o)
 .comment       0x0000080f       0x2b /home/phickey/src/sdkpulse/lib/libpulse_os.a(font.o)

.debug_abbrev   0x00000000      0x7dc
 .debug_abbrev  0x00000000      0x1a3 /tmp/cco4cPbX.o
 .debug_abbrev  0x000001a3      0x17f /tmp/cc1uCVDr.o
 .debug_abbrev  0x00000322      0x16a /tmp/ccoTeXaX.o
 .debug_abbrev  0x0000048c       0xa7 /tmp/ccN0RzAu.o
 .debug_abbrev  0x00000533      0x125 /tmp/ccAUnlv4.o
 .debug_abbrev  0x00000658      0x184 /tmp/ccD0h6nG.o

.debug_info     0x00000000     0x145f
 .debug_info    0x00000000      0x58e /tmp/cco4cPbX.o
 .debug_info    0x0000058e      0x485 /tmp/cc1uCVDr.o
 .debug_info    0x00000a13      0x3af /tmp/ccoTeXaX.o
 .debug_info    0x00000dc2      0x13a /tmp/ccN0RzAu.o
 .debug_info    0x00000efc      0x31f /tmp/ccAUnlv4.o
 .debug_info    0x0000121b      0x244 /tmp/ccD0h6nG.o

.debug_line     0x00000000      0x836
 .debug_line    0x00000000      0x21b /tmp/cco4cPbX.o
 .debug_line    0x0000021b      0x184 /tmp/cc1uCVDr.o
 .debug_line    0x0000039f      0x19a /tmp/ccoTeXaX.o
 .debug_line    0x00000539       0xb6 /tmp/ccN0RzAu.o
 .debug_line    0x000005ef      0x126 /tmp/ccAUnlv4.o
 .debug_line    0x00000715      0x121 /tmp/ccD0h6nG.o

.debug_loc      0x00000000      0xa02
 .debug_loc     0x00000000      0x144 /tmp/cco4cPbX.o
 .debug_loc     0x00000144      0x2f5 /tmp/cc1uCVDr.o
 .debug_loc     0x00000439      0x289 /tmp/ccoTeXaX.o
 .debug_loc     0x000006c2       0xeb /tmp/ccN0RzAu.o
 .debug_loc     0x000007ad      0x146 /tmp/ccAUnlv4.o
 .debug_loc     0x000008f3      0x10f /tmp/ccD0h6nG.o

.debug_pubnames
                0x00000000      0x1b7
 .debug_pubnames
                0x00000000       0xb0 /tmp/cco4cPbX.o
 .debug_pubnames
                0x000000b0       0x4c /tmp/cc1uCVDr.o
 .debug_pubnames
                0x000000fc       0x4c /tmp/ccoTeXaX.o
 .debug_pubnames
                0x00000148       0x21 /tmp/ccN0RzAu.o
 .debug_pubnames
                0x00000169       0x25 /tmp/ccAUnlv4.o
 .debug_pubnames
                0x0000018e       0x29 /tmp/ccD0h6nG.o

.debug_pubtypes
                0x00000000      0x307
 .debug_pubtypes
                0x00000000       0xcf /tmp/cco4cPbX.o
 .debug_pubtypes
                0x000000cf       0xe2 /tmp/cc1uCVDr.o
 .debug_pubtypes
                0x000001b1       0x76 /tmp/ccoTeXaX.o
 .debug_pubtypes
                0x00000227       0x35 /tmp/ccN0RzAu.o
 .debug_pubtypes
                0x0000025c       0x74 /tmp/ccAUnlv4.o
 .debug_pubtypes
                0x000002d0       0x37 /tmp/ccD0h6nG.o

.debug_aranges  0x00000000      0x120
 .debug_aranges
                0x00000000       0x50 /tmp/cco4cPbX.o
 .debug_aranges
                0x00000050       0x38 /tmp/cc1uCVDr.o
 .debug_aranges
                0x00000088       0x38 /tmp/ccoTeXaX.o
 .debug_aranges
                0x000000c0       0x20 /tmp/ccN0RzAu.o
 .debug_aranges
                0x000000e0       0x20 /tmp/ccAUnlv4.o
 .debug_aranges
                0x00000100       0x20 /tmp/ccD0h6nG.o

.debug_ranges   0x00000000      0x108
 .debug_ranges  0x00000000       0x40 /tmp/cco4cPbX.o
 .debug_ranges  0x00000040       0x28 /tmp/cc1uCVDr.o
 .debug_ranges  0x00000068       0x40 /tmp/ccoTeXaX.o
 .debug_ranges  0x000000a8       0x10 /tmp/ccN0RzAu.o
 .debug_ranges  0x000000b8       0x10 /tmp/ccAUnlv4.o
 .debug_ranges  0x000000c8       0x40 /tmp/ccD0h6nG.o

.debug_str      0x00000000      0x6b9
 .debug_str     0x00000000      0x3ce /tmp/cco4cPbX.o
                                0x42c (size before relaxing)